building pools (N=8, area=50.0m)...
  pools ready in 29s

  continuous  seed 0: 0.9105
  continuous  seed 1: 0.9098
  continuous  seed 2: 0.8890
  B=0 learned  : 0.6405 +/- 0.0004
  B=1 learned  : 0.6832 +/- 0.0070
  B=1 quantised: 0.6537 +/- 0.0019
  B=2 learned  : 0.7821 +/- 0.0111
  B=2 quantised: 0.6553 +/- 0.0004
  B=3 learned  : 0.8313 +/- 0.0058
  B=3 quantised: 0.6544 +/- 0.0008
  B=4 learned  : 0.8578 +/- 0.0039
  B=4 quantised: 0.6496 +/- 0.0013
  B=6 learned  : 0.8820 +/- 0.0078
  B=6 quantised: 0.6521 +/- 0.0017
  B=8 learned  : 0.8818 +/- 0.0069
  B=8 quantised: 0.6540 +/- 0.0011

==============================================================================
  budget            learned      quantised CSI       gap         p
------------------------------------------------------------------------------
  silent     0.6405 +/-0.000                   
       1     0.6832 +/-0.007     0.6537 +/-0.002   +0.0295    0.0205
       2     0.7821 +/-0.011     0.6553 +/-0.000   +0.1268    0.0041
       3     0.8313 +/-0.006     0.6544 +/-0.001   +0.1769    0.0005
       4     0.8578 +/-0.004     0.6496 +/-0.001   +0.2082    0.0001
       6     0.8820 +/-0.008     0.6521 +/-0.002   +0.2299    0.0005
       8     0.8818 +/-0.007     0.6540 +/-0.001   +0.2277    0.0003
   cont.     0.9031 +/-0.010
==============================================================================

window attributable to messaging: 0.6405 -> 0.9031 (26.3 points)
  B=1: recovers  16.3% of that window
  B=2: recovers  53.9% of that window
  B=3: recovers  72.7% of that window
  B=4: recovers  82.8% of that window
  B=6: recovers  92.0% of that window
  B=8: recovers  91.9% of that window
