building pools (N=8, area=50.0m)...
  pools ready in 31s

  continuous  seed 0: 0.9381
  continuous  seed 1: 0.9380
  continuous  seed 2: 0.9392
  B=0 learned  : 0.5838 +/- 0.0003
  B=1 learned  : 0.6803 +/- 0.1196
  B=1 quantised: 0.6452 +/- 0.0004
  B=2 learned  : 0.8637 +/- 0.0322
  B=2 quantised: 0.6523 +/- 0.0036
  B=3 learned  : 0.8929 +/- 0.0108
  B=3 quantised: 0.6502 +/- 0.0017
  B=4 learned  : 0.8458 +/- 0.0475
  B=4 quantised: 0.6356 +/- 0.0081
  B=6 learned  : 0.9079 +/- 0.0073
  B=6 quantised: 0.6436 +/- 0.0109
  B=8 learned  : 0.9245 +/- 0.0075
  B=8 quantised: 0.6504 +/- 0.0025

==============================================================================
  budget            learned      quantised CSI       gap         p
------------------------------------------------------------------------------
  silent     0.5838 +/-0.000                   
       1     0.6803 +/-0.120     0.6452 +/-0.000   +0.0351    0.7192
       2     0.8637 +/-0.032     0.6523 +/-0.004   +0.2114    0.0140
       3     0.8929 +/-0.011     0.6502 +/-0.002   +0.2427    0.0012
       4     0.8458 +/-0.047     0.6356 +/-0.008   +0.2102    0.0329
       6     0.9079 +/-0.007     0.6436 +/-0.011   +0.2643    0.0008
       8     0.9245 +/-0.008     0.6504 +/-0.003   +0.2741    0.0005
   cont.     0.9384 +/-0.001
==============================================================================

window attributable to messaging: 0.5838 -> 0.9384 (35.5 points)
  B=1: recovers  27.2% of that window
  B=2: recovers  78.9% of that window
  B=3: recovers  87.2% of that window
  B=4: recovers  73.9% of that window
  B=6: recovers  91.4% of that window
  B=8: recovers  96.1% of that window
