  lam         arm  frac>ref  mean excess  max excess
 0.00       wmmse     0.000      0.00000    -0.48004
 0.00  dinkelbach     0.172      0.00000     0.00000
 0.00     pricing     0.152      0.00000     0.00000
          ANY arm     0.180      0.00000     0.00000
 0.25       wmmse     0.000      0.00000    -0.32691
 0.25  dinkelbach     0.000      0.00000    -0.00237
 0.25     pricing     0.176      0.00000     0.00002
          ANY arm     0.176      0.00000     0.00002
 0.50       wmmse     0.000      0.00000    -0.14494
 0.50  dinkelbach     0.000      0.00000    -0.01311
 0.50     pricing     0.145      0.00000     0.00000
          ANY arm     0.145      0.00000     0.00000
 0.75       wmmse     0.000      0.00000    -0.00032
 0.75  dinkelbach     0.000      0.00000    -0.04458
 0.75     pricing     0.117      0.00001     0.00007
          ANY arm     0.117      0.00001     0.00007
 1.00       wmmse     0.078      0.00014     0.00277
 1.00  dinkelbach     0.000      0.00000    -0.16594
 1.00     pricing     0.227      0.00005     0.00281
          ANY arm     0.230      0.00005     0.00281

If a tightened reference were used, every ratio at that lambda would fall by
roughly the mean excess -- uniformly across arms, so between-arm gaps are unaffected.
  lam=0.00: reference too low on 18.0% of instances, mean shortfall 0.000%
  lam=0.25: reference too low on 17.6% of instances, mean shortfall 0.000%
  lam=0.50: reference too low on 14.5% of instances, mean shortfall 0.000%
  lam=0.75: reference too low on 11.7% of instances, mean shortfall 0.001%
  lam=1.00: reference too low on 23.0% of instances, mean shortfall 0.005%
