=== [1/3] noisy_channel.py (BER + erasure, usage_bonus=0.2) 21:39 ===
  learned B=2 s=0 ber=0       0.9072  (0s)
  learned B=2 s=0 ber=1e-05   0.9072  (0s)
  learned B=2 s=0 ber=0.0001  0.9071  (0s)
  learned B=2 s=0 ber=0.001   0.9068  (0s)
  learned B=2 s=0 ber=0.01    0.9041  (0s)
  learned B=2 s=0 ber=0.1     0.8795  (0s)
  learned B=2 s=0 erasure=0       0.9072  (0s)
  learned B=2 s=0 erasure=0.01    0.9065  (0s)
  learned B=2 s=0 erasure=0.05    0.9042  (0s)
  learned B=2 s=0 erasure=0.1     0.9011  (0s)
  learned B=2 s=0 erasure=0.25    0.8900  (0s)
  learned B=2 s=1 ber=0       0.9036  (0s)
  learned B=2 s=1 ber=1e-05   0.9036  (0s)
  learned B=2 s=1 ber=0.0001  0.9036  (0s)
  learned B=2 s=1 ber=0.001   0.9034  (0s)
  learned B=2 s=1 ber=0.01    0.9012  (0s)
  learned B=2 s=1 ber=0.1     0.8786  (0s)
  learned B=2 s=1 erasure=0       0.9036  (0s)
  learned B=2 s=1 erasure=0.01    0.9027  (0s)
  learned B=2 s=1 erasure=0.05    0.8986  (0s)
  learned B=2 s=1 erasure=0.1     0.8927  (0s)
  learned B=2 s=1 erasure=0.25    0.8712  (0s)
  learned B=2 s=2 ber=0       0.9077  (0s)
  learned B=2 s=2 ber=1e-05   0.9077  (0s)
  learned B=2 s=2 ber=0.0001  0.9077  (0s)
  learned B=2 s=2 ber=0.001   0.9073  (0s)
  learned B=2 s=2 ber=0.01    0.9043  (0s)
  learned B=2 s=2 ber=0.1     0.8807  (0s)
  learned B=2 s=2 erasure=0       0.9077  (0s)
  learned B=2 s=2 erasure=0.01    0.9071  (0s)
  learned B=2 s=2 erasure=0.05    0.9045  (0s)
  learned B=2 s=2 erasure=0.1     0.9004  (0s)
  learned B=2 s=2 erasure=0.25    0.8867  (0s)
  learned B=4 s=0 ber=0       0.9369  (0s)
  learned B=4 s=0 ber=1e-05   0.9369  (0s)
  learned B=4 s=0 ber=0.0001  0.9368  (0s)
  learned B=4 s=0 ber=0.001   0.9360  (0s)
  learned B=4 s=0 ber=0.01    0.9294  (0s)
  learned B=4 s=0 ber=0.1     0.8740  (0s)
  learned B=4 s=0 erasure=0       0.9369  (0s)
  learned B=4 s=0 erasure=0.01    0.9339  (0s)
  learned B=4 s=0 erasure=0.05    0.9202  (0s)
  learned B=4 s=0 erasure=0.1     0.9017  (0s)
  learned B=4 s=0 erasure=0.25    0.8393  (0s)
  learned B=4 s=1 ber=0       0.9335  (0s)
  learned B=4 s=1 ber=1e-05   0.9335  (0s)
  learned B=4 s=1 ber=0.0001  0.9334  (0s)
  learned B=4 s=1 ber=0.001   0.9328  (0s)
  learned B=4 s=1 ber=0.01    0.9252  (0s)
  learned B=4 s=1 ber=0.1     0.8660  (0s)
  learned B=4 s=1 erasure=0       0.9335  (0s)
  learned B=4 s=1 erasure=0.01    0.9309  (0s)
  learned B=4 s=1 erasure=0.05    0.9185  (0s)
  learned B=4 s=1 erasure=0.1     0.9008  (0s)
  learned B=4 s=1 erasure=0.25    0.8418  (0s)
  learned B=4 s=2 ber=0       0.9391  (0s)
  learned B=4 s=2 ber=1e-05   0.9391  (0s)
  learned B=4 s=2 ber=0.0001  0.9389  (0s)
  learned B=4 s=2 ber=0.001   0.9380  (0s)
  learned B=4 s=2 ber=0.01    0.9289  (0s)
  learned B=4 s=2 ber=0.1     0.8575  (0s)
  learned B=4 s=2 erasure=0       0.9391  (0s)
  learned B=4 s=2 erasure=0.01    0.9380  (0s)
  learned B=4 s=2 erasure=0.05    0.9327  (0s)
  learned B=4 s=2 erasure=0.1     0.9255  (0s)
  learned B=4 s=2 erasure=0.25    0.9018  (0s)
  learned B=6 s=0 ber=0       0.9483  (0s)
  learned B=6 s=0 ber=1e-05   0.9483  (0s)
  learned B=6 s=0 ber=0.0001  0.9481  (0s)
  learned B=6 s=0 ber=0.001   0.9466  (0s)
  learned B=6 s=0 ber=0.01    0.9353  (0s)
  learned B=6 s=0 ber=0.1     0.8544  (0s)
  learned B=6 s=0 erasure=0       0.9483  (0s)
  learned B=6 s=0 erasure=0.01    0.9471  (0s)
  learned B=6 s=0 erasure=0.05    0.9410  (0s)
  learned B=6 s=0 erasure=0.1     0.9326  (0s)
  learned B=6 s=0 erasure=0.25    0.9064  (0s)
  learned B=6 s=1 ber=0       0.9472  (0s)
  learned B=6 s=1 ber=1e-05   0.9472  (0s)
  learned B=6 s=1 ber=0.0001  0.9471  (0s)
  learned B=6 s=1 ber=0.001   0.9462  (0s)
  learned B=6 s=1 ber=0.01    0.9366  (0s)
  learned B=6 s=1 ber=0.1     0.8633  (0s)
  learned B=6 s=1 erasure=0       0.9472  (0s)
  learned B=6 s=1 erasure=0.01    0.9459  (0s)
  learned B=6 s=1 erasure=0.05    0.9405  (0s)
  learned B=6 s=1 erasure=0.1     0.9329  (0s)
  learned B=6 s=1 erasure=0.25    0.9066  (0s)
  learned B=6 s=2 ber=0       0.9493  (0s)
  learned B=6 s=2 ber=1e-05   0.9493  (0s)
  learned B=6 s=2 ber=0.0001  0.9491  (0s)
  learned B=6 s=2 ber=0.001   0.9477  (0s)
  learned B=6 s=2 ber=0.01    0.9340  (0s)
  learned B=6 s=2 ber=0.1     0.8467  (0s)
  learned B=6 s=2 erasure=0       0.9493  (0s)
  learned B=6 s=2 erasure=0.01    0.9479  (0s)
  learned B=6 s=2 erasure=0.05    0.9420  (0s)
  learned B=6 s=2 erasure=0.1     0.9339  (0s)
  learned B=6 s=2 erasure=0.25    0.9092  (0s)
   priced B=2 s=0 ber=0       0.8840  (0s)
   priced B=2 s=0 ber=1e-05   0.8840  (0s)
   priced B=2 s=0 ber=0.0001  0.8840  (0s)
   priced B=2 s=0 ber=0.001   0.8839  (0s)
   priced B=2 s=0 ber=0.01    0.8822  (0s)
   priced B=2 s=0 ber=0.1     0.8635  (0s)
   priced B=2 s=0 erasure=0       0.8840  (0s)
   priced B=2 s=0 erasure=0.01    0.8838  (0s)
   priced B=2 s=0 erasure=0.05    0.8821  (0s)
   priced B=2 s=0 erasure=0.1     0.8794  (0s)
   priced B=2 s=0 erasure=0.25    0.8713  (0s)
   priced B=2 s=1 ber=0       0.8853  (0s)
   priced B=2 s=1 ber=1e-05   0.8853  (0s)
   priced B=2 s=1 ber=0.0001  0.8852  (0s)
   priced B=2 s=1 ber=0.001   0.8850  (0s)
   priced B=2 s=1 ber=0.01    0.8829  (0s)
   priced B=2 s=1 ber=0.1     0.8621  (0s)
   priced B=2 s=1 erasure=0       0.8853  (0s)
   priced B=2 s=1 erasure=0.01    0.8850  (0s)
   priced B=2 s=1 erasure=0.05    0.8832  (0s)
   priced B=2 s=1 erasure=0.1     0.8809  (0s)
   priced B=2 s=1 erasure=0.25    0.8733  (0s)
   priced B=2 s=2 ber=0       0.8845  (0s)
   priced B=2 s=2 ber=1e-05   0.8845  (0s)
   priced B=2 s=2 ber=0.0001  0.8845  (0s)
   priced B=2 s=2 ber=0.001   0.8843  (0s)
   priced B=2 s=2 ber=0.01    0.8823  (0s)
   priced B=2 s=2 ber=0.1     0.8635  (0s)
   priced B=2 s=2 erasure=0       0.8845  (0s)
   priced B=2 s=2 erasure=0.01    0.8841  (0s)
   priced B=2 s=2 erasure=0.05    0.8823  (0s)
   priced B=2 s=2 erasure=0.1     0.8801  (0s)
   priced B=2 s=2 erasure=0.25    0.8710  (0s)
   priced B=4 s=0 ber=0       0.9000  (0s)
   priced B=4 s=0 ber=1e-05   0.9000  (0s)
   priced B=4 s=0 ber=0.0001  0.8999  (0s)
   priced B=4 s=0 ber=0.001   0.8994  (0s)
   priced B=4 s=0 ber=0.01    0.8966  (0s)
   priced B=4 s=0 ber=0.1     0.8687  (0s)
   priced B=4 s=0 erasure=0       0.9000  (0s)
   priced B=4 s=0 erasure=0.01    0.8994  (0s)
   priced B=4 s=0 erasure=0.05    0.8970  (0s)
   priced B=4 s=0 erasure=0.1     0.8941  (0s)
   priced B=4 s=0 erasure=0.25    0.8847  (0s)
   priced B=4 s=1 ber=0       0.9002  (0s)
   priced B=4 s=1 ber=1e-05   0.9002  (0s)
   priced B=4 s=1 ber=0.0001  0.9002  (0s)
   priced B=4 s=1 ber=0.001   0.8999  (0s)
   priced B=4 s=1 ber=0.01    0.8966  (0s)
   priced B=4 s=1 ber=0.1     0.8703  (0s)
   priced B=4 s=1 erasure=0       0.9002  (0s)
   priced B=4 s=1 erasure=0.01    0.8997  (0s)
   priced B=4 s=1 erasure=0.05    0.8972  (0s)
   priced B=4 s=1 erasure=0.1     0.8942  (0s)
   priced B=4 s=1 erasure=0.25    0.8853  (0s)
   priced B=4 s=2 ber=0       0.9014  (0s)
   priced B=4 s=2 ber=1e-05   0.9014  (0s)
   priced B=4 s=2 ber=0.0001  0.9013  (0s)
   priced B=4 s=2 ber=0.001   0.9010  (0s)
   priced B=4 s=2 ber=0.01    0.8978  (0s)
   priced B=4 s=2 ber=0.1     0.8706  (0s)
   priced B=4 s=2 erasure=0       0.9014  (0s)
   priced B=4 s=2 erasure=0.01    0.9009  (0s)
   priced B=4 s=2 erasure=0.05    0.8985  (0s)
   priced B=4 s=2 erasure=0.1     0.8954  (0s)
   priced B=4 s=2 erasure=0.25    0.8855  (0s)
   priced B=6 s=0 ber=0       0.9072  (1s)
   priced B=6 s=0 ber=1e-05   0.9072  (1s)
   priced B=6 s=0 ber=0.0001  0.9071  (1s)
   priced B=6 s=0 ber=0.001   0.9067  (1s)
   priced B=6 s=0 ber=0.01    0.9022  (1s)
   priced B=6 s=0 ber=0.1     0.8645  (1s)
   priced B=6 s=0 erasure=0       0.9072  (1s)
   priced B=6 s=0 erasure=0.01    0.9048  (1s)
   priced B=6 s=0 erasure=0.05    0.8940  (1s)
   priced B=6 s=0 erasure=0.1     0.8784  (1s)
   priced B=6 s=0 erasure=0.25    0.8150  (1s)
   priced B=6 s=1 ber=0       0.9066  (1s)
   priced B=6 s=1 ber=1e-05   0.9066  (1s)
   priced B=6 s=1 ber=0.0001  0.9065  (1s)
   priced B=6 s=1 ber=0.001   0.9064  (1s)
   priced B=6 s=1 ber=0.01    0.9021  (1s)
   priced B=6 s=1 ber=0.1     0.8665  (1s)
   priced B=6 s=1 erasure=0       0.9066  (1s)
   priced B=6 s=1 erasure=0.01    0.9038  (1s)
   priced B=6 s=1 erasure=0.05    0.8922  (1s)
   priced B=6 s=1 erasure=0.1     0.8735  (1s)
   priced B=6 s=1 erasure=0.25    0.8033  (1s)
   priced B=6 s=2 ber=0       0.9077  (1s)
   priced B=6 s=2 ber=1e-05   0.9077  (1s)
   priced B=6 s=2 ber=0.0001  0.9077  (1s)
   priced B=6 s=2 ber=0.001   0.9072  (1s)
   priced B=6 s=2 ber=0.01    0.9030  (1s)
   priced B=6 s=2 ber=0.1     0.8655  (1s)
   priced B=6 s=2 erasure=0       0.9077  (1s)
   priced B=6 s=2 erasure=0.01    0.9053  (1s)
   priced B=6 s=2 erasure=0.05    0.8937  (1s)
   priced B=6 s=2 erasure=0.1     0.8750  (1s)
   priced B=6 s=2 erasure=0.25    0.8036  (1s)
wrote noisy_channel.json (198 rows)
=== [2/3] robustness.py (CSI error + 21-lambda grid, usage_bonus=0.2) 22:35 ===
  csi B=0 s=0 sigma=0dB  sensing: 0.8512  (0s)
  csi B=0 s=0 sigma=1dB  sensing: 0.8484  (0s)
  csi B=0 s=0 sigma=1dB shuffled: 0.8497  (0s)
  csi B=0 s=0 sigma=2dB  sensing: 0.8424  (0s)
  csi B=0 s=0 sigma=2dB shuffled: 0.8444  (0s)
  csi B=0 s=0 sigma=3dB  sensing: 0.8338  (0s)
  csi B=0 s=0 sigma=3dB shuffled: 0.8333  (0s)
  csi B=0 s=0 sigma=6dB  sensing: 0.7894  (0s)
  csi B=0 s=0 sigma=6dB shuffled: 0.7877  (0s)
  csi B=0 s=1 sigma=0dB  sensing: 0.8517  (0s)
  csi B=0 s=1 sigma=1dB  sensing: 0.8497  (0s)
  csi B=0 s=1 sigma=1dB shuffled: 0.8487  (0s)
  csi B=0 s=1 sigma=2dB  sensing: 0.8433  (0s)
  csi B=0 s=1 sigma=2dB shuffled: 0.8433  (0s)
  csi B=0 s=1 sigma=3dB  sensing: 0.8352  (0s)
  csi B=0 s=1 sigma=3dB shuffled: 0.8328  (0s)
  csi B=0 s=1 sigma=6dB  sensing: 0.7927  (0s)
  csi B=0 s=1 sigma=6dB shuffled: 0.7881  (0s)
  csi B=0 s=2 sigma=0dB  sensing: 0.8514  (0s)
  csi B=0 s=2 sigma=1dB  sensing: 0.8484  (0s)
  csi B=0 s=2 sigma=1dB shuffled: 0.8494  (0s)
  csi B=0 s=2 sigma=2dB  sensing: 0.8410  (0s)
  csi B=0 s=2 sigma=2dB shuffled: 0.8446  (0s)
  csi B=0 s=2 sigma=3dB  sensing: 0.8321  (0s)
  csi B=0 s=2 sigma=3dB shuffled: 0.8350  (0s)
  csi B=0 s=2 sigma=6dB  sensing: 0.7895  (0s)
  csi B=0 s=2 sigma=6dB shuffled: 0.7916  (0s)
  csi B=2 s=0 sigma=0dB  sensing: 0.9072  (0s)
  csi B=2 s=0 sigma=1dB  sensing: 0.9048  (0s)
  csi B=2 s=0 sigma=1dB shuffled: 0.9062  (0s)
  csi B=2 s=0 sigma=2dB  sensing: 0.8968  (0s)
  csi B=2 s=0 sigma=2dB shuffled: 0.8979  (0s)
  csi B=2 s=0 sigma=3dB  sensing: 0.8850  (0s)
  csi B=2 s=0 sigma=3dB shuffled: 0.8869  (0s)
  csi B=2 s=0 sigma=6dB  sensing: 0.8376  (0s)
  csi B=2 s=0 sigma=6dB shuffled: 0.8371  (0s)
  csi B=2 s=1 sigma=0dB  sensing: 0.9036  (0s)
  csi B=2 s=1 sigma=1dB  sensing: 0.9015  (0s)
  csi B=2 s=1 sigma=1dB shuffled: 0.9019  (0s)
  csi B=2 s=1 sigma=2dB  sensing: 0.8946  (0s)
  csi B=2 s=1 sigma=2dB shuffled: 0.8950  (0s)
  csi B=2 s=1 sigma=3dB  sensing: 0.8854  (0s)
  csi B=2 s=1 sigma=3dB shuffled: 0.8842  (0s)
  csi B=2 s=1 sigma=6dB  sensing: 0.8398  (0s)
  csi B=2 s=1 sigma=6dB shuffled: 0.8352  (0s)
  csi B=2 s=2 sigma=0dB  sensing: 0.9077  (0s)
  csi B=2 s=2 sigma=1dB  sensing: 0.9053  (0s)
  csi B=2 s=2 sigma=1dB shuffled: 0.9041  (0s)
  csi B=2 s=2 sigma=2dB  sensing: 0.8972  (0s)
  csi B=2 s=2 sigma=2dB shuffled: 0.8965  (0s)
  csi B=2 s=2 sigma=3dB  sensing: 0.8860  (0s)
  csi B=2 s=2 sigma=3dB shuffled: 0.8874  (0s)
  csi B=2 s=2 sigma=6dB  sensing: 0.8368  (0s)
  csi B=2 s=2 sigma=6dB shuffled: 0.8392  (0s)
  csi B=4 s=0 sigma=0dB  sensing: 0.9369  (0s)
  csi B=4 s=0 sigma=1dB  sensing: 0.9344  (0s)
  csi B=4 s=0 sigma=1dB shuffled: 0.9341  (0s)
  csi B=4 s=0 sigma=2dB  sensing: 0.9263  (0s)
  csi B=4 s=0 sigma=2dB shuffled: 0.9262  (0s)
  csi B=4 s=0 sigma=3dB  sensing: 0.9130  (0s)
  csi B=4 s=0 sigma=3dB shuffled: 0.9126  (0s)
  csi B=4 s=0 sigma=6dB  sensing: 0.8610  (0s)
  csi B=4 s=0 sigma=6dB shuffled: 0.8569  (0s)
  csi B=4 s=1 sigma=0dB  sensing: 0.9335  (0s)
  csi B=4 s=1 sigma=1dB  sensing: 0.9310  (0s)
  csi B=4 s=1 sigma=1dB shuffled: 0.9324  (0s)
  csi B=4 s=1 sigma=2dB  sensing: 0.9247  (0s)
  csi B=4 s=1 sigma=2dB shuffled: 0.9236  (0s)
  csi B=4 s=1 sigma=3dB  sensing: 0.9122  (0s)
  csi B=4 s=1 sigma=3dB shuffled: 0.9114  (0s)
  csi B=4 s=1 sigma=6dB  sensing: 0.8566  (0s)
  csi B=4 s=1 sigma=6dB shuffled: 0.8542  (0s)
  csi B=4 s=2 sigma=0dB  sensing: 0.9391  (0s)
  csi B=4 s=2 sigma=1dB  sensing: 0.9370  (0s)
  csi B=4 s=2 sigma=1dB shuffled: 0.9362  (0s)
  csi B=4 s=2 sigma=2dB  sensing: 0.9283  (0s)
  csi B=4 s=2 sigma=2dB shuffled: 0.9291  (0s)
  csi B=4 s=2 sigma=3dB  sensing: 0.9158  (0s)
  csi B=4 s=2 sigma=3dB shuffled: 0.9166  (0s)
  csi B=4 s=2 sigma=6dB  sensing: 0.8609  (0s)
  csi B=4 s=2 sigma=6dB shuffled: 0.8600  (0s)
  csi B=6 s=0 sigma=0dB  sensing: 0.9483  (0s)
  csi B=6 s=0 sigma=1dB  sensing: 0.9459  (0s)
  csi B=6 s=0 sigma=1dB shuffled: 0.9452  (0s)
  csi B=6 s=0 sigma=2dB  sensing: 0.9385  (0s)
  csi B=6 s=0 sigma=2dB shuffled: 0.9373  (0s)
  csi B=6 s=0 sigma=3dB  sensing: 0.9252  (0s)
  csi B=6 s=0 sigma=3dB shuffled: 0.9229  (0s)
  csi B=6 s=0 sigma=6dB  sensing: 0.8706  (0s)
  csi B=6 s=0 sigma=6dB shuffled: 0.8636  (0s)
  csi B=6 s=1 sigma=0dB  sensing: 0.9472  (0s)
  csi B=6 s=1 sigma=1dB  sensing: 0.9437  (0s)
  csi B=6 s=1 sigma=1dB shuffled: 0.9460  (0s)
  csi B=6 s=1 sigma=2dB  sensing: 0.9377  (0s)
  csi B=6 s=1 sigma=2dB shuffled: 0.9384  (0s)
  csi B=6 s=1 sigma=3dB  sensing: 0.9259  (0s)
  csi B=6 s=1 sigma=3dB shuffled: 0.9264  (0s)
  csi B=6 s=1 sigma=6dB  sensing: 0.8669  (0s)
  csi B=6 s=1 sigma=6dB shuffled: 0.8669  (0s)
  csi B=6 s=2 sigma=0dB  sensing: 0.9493  (0s)
  csi B=6 s=2 sigma=1dB  sensing: 0.9464  (0s)
  csi B=6 s=2 sigma=1dB shuffled: 0.9444  (0s)
  csi B=6 s=2 sigma=2dB  sensing: 0.9383  (0s)
  csi B=6 s=2 sigma=2dB shuffled: 0.9367  (0s)
  csi B=6 s=2 sigma=3dB  sensing: 0.9256  (0s)
  csi B=6 s=2 sigma=3dB shuffled: 0.9245  (0s)
  csi B=6 s=2 sigma=6dB  sensing: 0.8655  (0s)
  csi B=6 s=2 sigma=6dB shuffled: 0.8669  (0s)
  21-lambda pool ready in 0s
  lam21 B=0 s=0: all 0.8512 reported 0.8512 unseen 0.8512
  lam21 B=0 s=1: all 0.8518 reported 0.8518 unseen 0.8518
  lam21 B=0 s=2: all 0.8515 reported 0.8514 unseen 0.8515
  lam21 B=2 s=0: all 0.9079 reported 0.9072 unseen 0.9081
  lam21 B=2 s=1: all 0.9042 reported 0.9037 unseen 0.9044
  lam21 B=2 s=2: all 0.9082 reported 0.9078 unseen 0.9084
  lam21 B=4 s=0: all 0.9377 reported 0.9369 unseen 0.9379
  lam21 B=4 s=1: all 0.9343 reported 0.9335 unseen 0.9345
  lam21 B=4 s=2: all 0.9396 reported 0.9391 unseen 0.9398
  lam21 B=6 s=0: all 0.9490 reported 0.9483 unseen 0.9492
  lam21 B=6 s=1: all 0.9478 reported 0.9472 unseen 0.9480
  lam21 B=6 s=2: all 0.9500 reported 0.9493 unseen 0.9502
wrote csi_error.json and lambda_grid.json
=== [3/3] learned_baselines.py --arms rounds (usage_bonus=0.2) 22:38 ===
carrying 39 rows for arms not selected; rerunning rounds
  rounds     B=6 R=1 s=0: 0.9483  (101s)
  rounds     B=6 R=1 s=1: 0.9472  (103s)
  rounds     B=6 R=1 s=2: 0.9493  (104s)
  rounds     B=3 R=2 s=0: 0.9539  (103s)
  rounds     B=3 R=2 s=1: 0.9527  (102s)
  rounds     B=3 R=2 s=2: 0.9511  (101s)
  rounds     B=2 R=3 s=0: 0.9469  (147s)
  rounds     B=2 R=3 s=1: 0.9515  (146s)
  rounds     B=2 R=3 s=2: 0.9452  (147s)
Terminated
ROUNDS FAILED rc=143
=== ALL DONE 02:04 ===
