  absolute      b=1 T=    42 K=   6.0 -> 0.5226  (1s)
  absolute      b=1 T=    84 K=  12.0 -> 0.4799  (1s)
  absolute      b=1 T=   168 K=  24.0 -> 0.5490  (2s)
  absolute      b=1 T=   336 K=  48.0 -> 0.5573  (4s)
  absolute      b=1 T=   672 K=  96.0 -> 0.5583  (8s)
  absolute      b=1 T=  1344 K= 192.0 -> 0.5588  (15s)
  absolute      b=1 T=  2688 K= 384.0 -> 0.5594  (31s)
  absolute      b=2 T=    42 K=   3.0 -> 0.5435  (0s)
  absolute      b=2 T=    84 K=   6.0 -> 0.5661  (1s)
  absolute      b=2 T=   168 K=  12.0 -> 0.5782  (1s)
  absolute      b=2 T=   336 K=  24.0 -> 0.5775  (2s)
  absolute      b=2 T=   672 K=  48.0 -> 0.5770  (4s)
  absolute      b=2 T=  1344 K=  96.0 -> 0.5786  (8s)
  absolute      b=2 T=  2688 K= 192.0 -> 0.5808  (16s)
  absolute      b=2 T=  5376 K= 384.0 -> 0.5779  (31s)
  absolute      b=3 T=    42 K=   2.0 -> 0.5357  (0s)
  absolute      b=3 T=    84 K=   4.0 -> 0.5890  (0s)
  absolute      b=3 T=   168 K=   8.0 -> 0.6110  (1s)
  absolute      b=3 T=   336 K=  16.0 -> 0.6194  (1s)
  absolute      b=3 T=   672 K=  32.0 -> 0.6182  (3s)
  absolute      b=3 T=  1344 K=  64.0 -> 0.6182  (5s)
  absolute      b=3 T=  2688 K= 128.0 -> 0.6142  (11s)
  absolute      b=3 T=  5376 K= 256.0 -> 0.6196  (21s)
  absolute      b=3 T= 10752 K= 512.0 -> 0.6168  (42s)
  absolute      b=4 T=    42 K=   1.5 -> 0.4952  (0s)
  absolute      b=4 T=    84 K=   3.0 -> 0.5843  (0s)
  absolute      b=4 T=   168 K=   6.0 -> 0.6375  (1s)
  absolute      b=4 T=   336 K=  12.0 -> 0.6477  (1s)
  absolute      b=4 T=   672 K=  24.0 -> 0.6489  (2s)
  absolute      b=4 T=  1344 K=  48.0 -> 0.6479  (4s)
  absolute      b=4 T=  2688 K=  96.0 -> 0.6498  (11s)
  absolute      b=4 T=  5376 K= 192.0 -> 0.6470  (22s)
  absolute      b=4 T= 10752 K= 384.0 -> 0.6464  (44s)
  absolute      b=6 T=    42 K=   1.0 -> 0.5001  (0s)
  absolute      b=6 T=    84 K=   2.0 -> 0.5625  (0s)
  absolute      b=6 T=   168 K=   4.0 -> 0.6494  (1s)
  absolute      b=6 T=   336 K=   8.0 -> 0.7057  (1s)
  absolute      b=6 T=   672 K=  16.0 -> 0.7127  (2s)
  absolute      b=6 T=  1344 K=  32.0 -> 0.7120  (4s)
  absolute      b=6 T=  2688 K=  64.0 -> 0.7131  (8s)
  absolute      b=6 T=  5376 K= 128.0 -> 0.7133  (16s)
  absolute      b=6 T= 10752 K= 256.0 -> 0.7129  (32s)
  absolute      b=8 T=    84 K=   1.5 -> 0.5042  (0s)
  absolute      b=8 T=   168 K=   3.0 -> 0.6255  (1s)
  absolute      b=8 T=   336 K=   6.0 -> 0.7248  (1s)
  absolute      b=8 T=   672 K=  12.0 -> 0.7640  (2s)
  absolute      b=8 T=  1344 K=  24.0 -> 0.7668  (4s)
  absolute      b=8 T=  2688 K=  48.0 -> 0.7671  (8s)
  absolute      b=8 T=  5376 K=  96.0 -> 0.7668  (16s)
  absolute      b=8 T= 10752 K= 192.0 -> 0.7678  (32s)
  absolute      b=8 T= 22601 K= 403.6 -> 0.7681  (68s)
  absolute      b=10 T=    84 K=   1.2 -> 0.5083  (0s)
  absolute      b=10 T=   168 K=   2.4 -> 0.5779  (1s)
  absolute      b=10 T=   336 K=   4.8 -> 0.6914  (2s)
  absolute      b=10 T=   672 K=   9.6 -> 0.8081  (4s)
  absolute      b=10 T=  1344 K=  19.2 -> 0.8222  (7s)
  absolute      b=10 T=  2688 K=  38.4 -> 0.8213  (15s)
  absolute      b=10 T=  5376 K=  76.8 -> 0.8207  (29s)
  absolute      b=10 T= 10752 K= 153.6 -> 0.8222  (57s)
  absolute      b=10 T= 22601 K= 322.9 -> 0.8229  (102s)
  absolute      b=12 T=    84 K=   1.0 -> 0.5110  (3s)
  absolute      b=12 T=   168 K=   2.0 -> 0.5836  (6s)
  absolute      b=12 T=   336 K=   4.0 -> 0.7083  (13s)
  absolute      b=12 T=   672 K=   8.0 -> 0.8364  (25s)
  absolute      b=12 T=  1344 K=  16.0 -> 0.8694  (51s)
  absolute      b=12 T=  2688 K=  32.0 -> 0.8703  (102s)
  absolute      b=12 T=  5376 K=  64.0 -> 0.8723  (203s)
  absolute      b=12 T= 10752 K= 128.0 -> 0.8717  (409s)
  absolute      b=12 T= 22601 K= 269.1 -> 0.8723  (1398s)
  differential  b=1 T=    42 K=   6.0 -> 0.6842  (2s)
  differential  b=1 T=    84 K=  12.0 -> 0.7204  (3s)
  differential  b=1 T=   168 K=  24.0 -> 0.7248  (7s)
  differential  b=1 T=   336 K=  48.0 -> 0.7246  (12s)
  differential  b=1 T=   672 K=  96.0 -> 0.7256  (25s)
  differential  b=1 T=  1344 K= 192.0 -> 0.7233  (76s)
  differential  b=1 T=  2688 K= 384.0 -> 0.7241  (117s)
  differential  b=2 T=    42 K=   3.0 -> 0.5879  (1s)
  differential  b=2 T=    84 K=   6.0 -> 0.6856  (2s)
  differential  b=2 T=   168 K=  12.0 -> 0.7259  (4s)
  differential  b=2 T=   336 K=  24.0 -> 0.7324  (9s)
  differential  b=2 T=   672 K=  48.0 -> 0.7335  (14s)
  differential  b=2 T=  1344 K=  96.0 -> 0.7335  (25s)
  differential  b=2 T=  2688 K= 192.0 -> 0.7317  (54s)
  differential  b=2 T=  5376 K= 384.0 -> 0.7328  (112s)
  differential  b=3 T=    42 K=   2.0 -> 0.5499  (1s)
  differential  b=3 T=    84 K=   4.0 -> 0.6412  (2s)
  differential  b=3 T=   168 K=   8.0 -> 0.7173  (3s)
  differential  b=3 T=   336 K=  16.0 -> 0.7420  (10s)
  differential  b=3 T=   672 K=  32.0 -> 0.7458  (20s)
  differential  b=3 T=  1344 K=  64.0 -> 0.7477  (21s)
  differential  b=3 T=  2688 K= 128.0 -> 0.7481  (39s)
  differential  b=3 T=  5376 K= 256.0 -> 0.7472  (79s)
