fitting price quantisers
resuming with 7 cells already measured
  b=2 T=    42 K=    3.0  quantised 0.5435  unquantised 0.6592  (3s)
  b=2 T=    84 K=    6.0  quantised 0.5661  unquantised 0.8249  (3s)
  b=2 T=   168 K=   12.0  quantised 0.5782  unquantised 0.9457  (5s)
  b=2 T=   336 K=   24.0  quantised 0.5775  unquantised 0.9696  (9s)
  b=2 T=   672 K=   48.0  quantised 0.5770  unquantised 0.9731  (21s)
  b=2 T=  1344 K=   96.0  quantised 0.5786  unquantised 0.9734  (33s)
  b=2 T=  2688 K=  192.0  quantised 0.5808  unquantised 0.9734  (80s)
  b=2 T=  5376 K=  384.0  quantised 0.5779  unquantised 0.9734  (191s)
  b=3 T=    42 K=    2.0  quantised 0.5357  unquantised 0.5886  (1s)
  b=3 T=    84 K=    4.0  quantised 0.5890  unquantised 0.7235  (3s)
  b=3 T=   168 K=    8.0  quantised 0.6110  unquantised 0.8890  (5s)
  b=3 T=   336 K=   16.0  quantised 0.6194  unquantised 0.9616  (7s)
  b=3 T=   672 K=   32.0  quantised 0.6182  unquantised 0.9719  (12s)
  b=3 T=  1344 K=   64.0  quantised 0.6182  unquantised 0.9733  (37s)
  b=3 T=  2688 K=  128.0  quantised 0.6142  unquantised 0.9734  (59s)
  b=3 T=  5376 K=  256.0  quantised 0.6196  unquantised 0.9734  (125s)
  b=4 T=    42 K=    1.5  quantised 0.4952  unquantised 0.5133  (1s)
  b=4 T=    84 K=    3.0  quantised 0.5843  unquantised 0.6592  (2s)
  b=4 T=   168 K=    6.0  quantised 0.6375  unquantised 0.8249  (3s)
  b=4 T=   336 K=   12.0  quantised 0.6477  unquantised 0.9457  (5s)
  b=4 T=   672 K=   24.0  quantised 0.6489  unquantised 0.9696  (13s)
  b=4 T=  1344 K=   48.0  quantised 0.6479  unquantised 0.9731  (20s)
  b=4 T=  2688 K=   96.0  quantised 0.6498  unquantised 0.9734  (36s)
  b=4 T=  5376 K=  192.0  quantised 0.6470  unquantised 0.9734  (98s)
  b=4 T= 11424 K=  408.0  quantised 0.6478  unquantised 0.9734  (170s)
  b=6 T=    42 K=    1.0  quantised 0.5001  unquantised 0.5133  (1s)
  b=6 T=    84 K=    2.0  quantised 0.5625  unquantised 0.5886  (1s)
  b=6 T=   168 K=    4.0  quantised 0.6494  unquantised 0.7235  (2s)
  b=6 T=   336 K=    8.0  quantised 0.7057  unquantised 0.8890  (4s)
  b=6 T=   672 K=   16.0  quantised 0.7127  unquantised 0.9616  (17s)
  b=6 T=  1344 K=   32.0  quantised 0.7120  unquantised 0.9719  (28s)
  b=6 T=  2688 K=   64.0  quantised 0.7131  unquantised 0.9733  (67s)
  b=6 T=  5376 K=  128.0  quantised 0.7133  unquantised 0.9734  (131s)
  b=6 T= 11424 K=  272.0  quantised 0.7126  unquantised 0.9734  (115s)
  b=8 T=    84 K=    1.5  quantised 0.5042  unquantised 0.5133  (1s)
  b=8 T=   168 K=    3.0  quantised 0.6255  unquantised 0.6592  (1s)
  b=8 T=   336 K=    6.0  quantised 0.7248  unquantised 0.8249  (2s)
  b=8 T=   672 K=   12.0  quantised 0.7640  unquantised 0.9457  (5s)
  b=8 T=  1344 K=   24.0  quantised 0.7668  unquantised 0.9696  (10s)
  b=8 T=  2688 K=   48.0  quantised 0.7671  unquantised 0.9731  (20s)
  b=8 T=  5376 K=   96.0  quantised 0.7668  unquantised 0.9734  (41s)
  b=8 T= 11424 K=  204.0  quantised 0.7680  unquantised 0.9734  (83s)
  b=8 T= 22601 K=  403.6  quantised 0.7681  unquantised 0.9734  (157s)
wrote /home/ubuntu/Projects/THESIS/completed/usama-phd/paper07-tccn-learning-what-to-say/code/results/pricing_budget.json
