[2026-08-30T02:40:23+05:00] waiting for tier D
[2026-08-30T02:51:23+05:00] === noisy_channel (re-run, symbol_fn honoured on both arms) ===
  learned B=2 s=0 ber=0       0.9136  (0s)
  learned B=2 s=0 ber=1e-05   0.9136  (0s)
  learned B=2 s=0 ber=0.0001  0.9136  (0s)
  learned B=2 s=0 ber=0.001   0.9133  (0s)
  learned B=2 s=0 ber=0.01    0.9093  (0s)
  learned B=2 s=0 ber=0.1     0.8736  (0s)
  learned B=2 s=0 erasure=0       0.9136  (0s)
  learned B=2 s=0 erasure=0.01    0.9128  (0s)
  learned B=2 s=0 erasure=0.05    0.9087  (0s)
  learned B=2 s=0 erasure=0.1     0.9032  (0s)
  learned B=2 s=0 erasure=0.25    0.8830  (0s)
  learned B=2 s=1 ber=0       0.9020  (0s)
  learned B=2 s=1 ber=1e-05   0.9020  (0s)
  learned B=2 s=1 ber=0.0001  0.9020  (0s)
  learned B=2 s=1 ber=0.001   0.9019  (0s)
  learned B=2 s=1 ber=0.01    0.9004  (0s)
  learned B=2 s=1 ber=0.1     0.8857  (0s)
  learned B=2 s=1 erasure=0       0.9020  (0s)
  learned B=2 s=1 erasure=0.01    0.9014  (0s)
  learned B=2 s=1 erasure=0.05    0.8985  (0s)
  learned B=2 s=1 erasure=0.1     0.8943  (0s)
  learned B=2 s=1 erasure=0.25    0.8770  (0s)
  learned B=2 s=2 ber=0       0.9262  (0s)
  learned B=2 s=2 ber=1e-05   0.9262  (0s)
  learned B=2 s=2 ber=0.0001  0.9262  (0s)
  learned B=2 s=2 ber=0.001   0.9258  (0s)
  learned B=2 s=2 ber=0.01    0.9220  (0s)
  learned B=2 s=2 ber=0.1     0.8816  (0s)
  learned B=2 s=2 erasure=0       0.9262  (0s)
  learned B=2 s=2 erasure=0.01    0.9252  (0s)
  learned B=2 s=2 erasure=0.05    0.9208  (0s)
  learned B=2 s=2 erasure=0.1     0.9142  (0s)
  learned B=2 s=2 erasure=0.25    0.8914  (0s)
  learned B=4 s=0 ber=0       0.9118  (0s)
  learned B=4 s=0 ber=1e-05   0.9118  (0s)
  learned B=4 s=0 ber=0.0001  0.9117  (0s)
  learned B=4 s=0 ber=0.001   0.9111  (0s)
  learned B=4 s=0 ber=0.01    0.9061  (0s)
  learned B=4 s=0 ber=0.1     0.8693  (0s)
  learned B=4 s=0 erasure=0       0.9118  (0s)
  learned B=4 s=0 erasure=0.01    0.9111  (0s)
  learned B=4 s=0 erasure=0.05    0.9074  (0s)
  learned B=4 s=0 erasure=0.1     0.9020  (0s)
  learned B=4 s=0 erasure=0.25    0.8813  (0s)
  learned B=4 s=1 ber=0       0.9114  (0s)
  learned B=4 s=1 ber=1e-05   0.9114  (0s)
  learned B=4 s=1 ber=0.0001  0.9114  (0s)
  learned B=4 s=1 ber=0.001   0.9111  (0s)
  learned B=4 s=1 ber=0.01    0.9083  (0s)
  learned B=4 s=1 ber=0.1     0.8819  (0s)
  learned B=4 s=1 erasure=0       0.9114  (0s)
  learned B=4 s=1 erasure=0.01    0.9107  (0s)
  learned B=4 s=1 erasure=0.05    0.9072  (0s)
  learned B=4 s=1 erasure=0.1     0.9019  (0s)
  learned B=4 s=1 erasure=0.25    0.8819  (0s)
  learned B=4 s=2 ber=0       0.9268  (0s)
  learned B=4 s=2 ber=1e-05   0.9268  (0s)
  learned B=4 s=2 ber=0.0001  0.9267  (0s)
  learned B=4 s=2 ber=0.001   0.9259  (0s)
  learned B=4 s=2 ber=0.01    0.9191  (0s)
  learned B=4 s=2 ber=0.1     0.8653  (0s)
  learned B=4 s=2 erasure=0       0.9268  (0s)
  learned B=4 s=2 erasure=0.01    0.9256  (0s)
  learned B=4 s=2 erasure=0.05    0.9207  (0s)
  learned B=4 s=2 erasure=0.1     0.9133  (0s)
  learned B=4 s=2 erasure=0.25    0.8876  (0s)
  learned B=6 s=0 ber=0       0.9287  (0s)
  learned B=6 s=0 ber=1e-05   0.9287  (0s)
  learned B=6 s=0 ber=0.0001  0.9286  (0s)
  learned B=6 s=0 ber=0.001   0.9279  (0s)
  learned B=6 s=0 ber=0.01    0.9222  (0s)
  learned B=6 s=0 ber=0.1     0.8769  (0s)
  learned B=6 s=0 erasure=0       0.9287  (0s)
  learned B=6 s=0 erasure=0.01    0.9277  (0s)
  learned B=6 s=0 erasure=0.05    0.9224  (0s)
  learned B=6 s=0 erasure=0.1     0.9150  (0s)
  learned B=6 s=0 erasure=0.25    0.8889  (0s)
  learned B=6 s=1 ber=0       0.9373  (0s)
  learned B=6 s=1 ber=1e-05   0.9373  (0s)
  learned B=6 s=1 ber=0.0001  0.9372  (0s)
  learned B=6 s=1 ber=0.001   0.9369  (0s)
  learned B=6 s=1 ber=0.01    0.9311  (0s)
  learned B=6 s=1 ber=0.1     0.8786  (0s)
  learned B=6 s=1 erasure=0       0.9373  (0s)
  learned B=6 s=1 erasure=0.01    0.9358  (0s)
  learned B=6 s=1 erasure=0.05    0.9302  (0s)
  learned B=6 s=1 erasure=0.1     0.9218  (0s)
  learned B=6 s=1 erasure=0.25    0.8920  (0s)
  learned B=6 s=2 ber=0       0.9397  (0s)
  learned B=6 s=2 ber=1e-05   0.9397  (0s)
  learned B=6 s=2 ber=0.0001  0.9396  (0s)
  learned B=6 s=2 ber=0.001   0.9390  (0s)
  learned B=6 s=2 ber=0.01    0.9322  (0s)
  learned B=6 s=2 ber=0.1     0.8766  (0s)
  learned B=6 s=2 erasure=0       0.9397  (0s)
  learned B=6 s=2 erasure=0.01    0.9384  (0s)
  learned B=6 s=2 erasure=0.05    0.9327  (0s)
  learned B=6 s=2 erasure=0.1     0.9239  (0s)
  learned B=6 s=2 erasure=0.25    0.8957  (0s)
   priced B=2 s=0 ber=0       0.8840  (0s)
   priced B=2 s=0 ber=1e-05   0.8840  (0s)
   priced B=2 s=0 ber=0.0001  0.8840  (0s)
   priced B=2 s=0 ber=0.001   0.8839  (0s)
   priced B=2 s=0 ber=0.01    0.8822  (0s)
   priced B=2 s=0 ber=0.1     0.8635  (0s)
   priced B=2 s=0 erasure=0       0.8840  (0s)
   priced B=2 s=0 erasure=0.01    0.8838  (0s)
   priced B=2 s=0 erasure=0.05    0.8821  (0s)
   priced B=2 s=0 erasure=0.1     0.8794  (0s)
   priced B=2 s=0 erasure=0.25    0.8713  (0s)
   priced B=2 s=1 ber=0       0.8853  (0s)
   priced B=2 s=1 ber=1e-05   0.8853  (0s)
   priced B=2 s=1 ber=0.0001  0.8852  (0s)
   priced B=2 s=1 ber=0.001   0.8850  (0s)
   priced B=2 s=1 ber=0.01    0.8829  (0s)
   priced B=2 s=1 ber=0.1     0.8621  (0s)
   priced B=2 s=1 erasure=0       0.8853  (0s)
   priced B=2 s=1 erasure=0.01    0.8850  (0s)
   priced B=2 s=1 erasure=0.05    0.8832  (0s)
   priced B=2 s=1 erasure=0.1     0.8809  (0s)
   priced B=2 s=1 erasure=0.25    0.8733  (0s)
   priced B=2 s=2 ber=0       0.8845  (0s)
   priced B=2 s=2 ber=1e-05   0.8845  (0s)
   priced B=2 s=2 ber=0.0001  0.8845  (0s)
   priced B=2 s=2 ber=0.001   0.8843  (0s)
   priced B=2 s=2 ber=0.01    0.8823  (0s)
   priced B=2 s=2 ber=0.1     0.8635  (0s)
   priced B=2 s=2 erasure=0       0.8845  (0s)
   priced B=2 s=2 erasure=0.01    0.8841  (0s)
   priced B=2 s=2 erasure=0.05    0.8823  (0s)
   priced B=2 s=2 erasure=0.1     0.8801  (0s)
   priced B=2 s=2 erasure=0.25    0.8710  (0s)
   priced B=4 s=0 ber=0       0.9000  (0s)
   priced B=4 s=0 ber=1e-05   0.9000  (0s)
   priced B=4 s=0 ber=0.0001  0.8999  (0s)
   priced B=4 s=0 ber=0.001   0.8994  (0s)
   priced B=4 s=0 ber=0.01    0.8966  (0s)
   priced B=4 s=0 ber=0.1     0.8687  (0s)
   priced B=4 s=0 erasure=0       0.9000  (0s)
   priced B=4 s=0 erasure=0.01    0.8994  (0s)
   priced B=4 s=0 erasure=0.05    0.8970  (0s)
   priced B=4 s=0 erasure=0.1     0.8941  (0s)
   priced B=4 s=0 erasure=0.25    0.8847  (0s)
   priced B=4 s=1 ber=0       0.9002  (0s)
   priced B=4 s=1 ber=1e-05   0.9002  (0s)
   priced B=4 s=1 ber=0.0001  0.9002  (0s)
   priced B=4 s=1 ber=0.001   0.8999  (0s)
   priced B=4 s=1 ber=0.01    0.8966  (0s)
   priced B=4 s=1 ber=0.1     0.8703  (0s)
   priced B=4 s=1 erasure=0       0.9002  (0s)
   priced B=4 s=1 erasure=0.01    0.8997  (0s)
   priced B=4 s=1 erasure=0.05    0.8972  (0s)
   priced B=4 s=1 erasure=0.1     0.8942  (0s)
   priced B=4 s=1 erasure=0.25    0.8853  (0s)
   priced B=4 s=2 ber=0       0.9014  (0s)
   priced B=4 s=2 ber=1e-05   0.9014  (0s)
   priced B=4 s=2 ber=0.0001  0.9013  (0s)
   priced B=4 s=2 ber=0.001   0.9010  (0s)
   priced B=4 s=2 ber=0.01    0.8978  (0s)
   priced B=4 s=2 ber=0.1     0.8706  (0s)
   priced B=4 s=2 erasure=0       0.9014  (0s)
   priced B=4 s=2 erasure=0.01    0.9009  (0s)
   priced B=4 s=2 erasure=0.05    0.8985  (0s)
   priced B=4 s=2 erasure=0.1     0.8954  (0s)
   priced B=4 s=2 erasure=0.25    0.8855  (0s)
   priced B=6 s=0 ber=0       0.9072  (0s)
   priced B=6 s=0 ber=1e-05   0.9072  (0s)
   priced B=6 s=0 ber=0.0001  0.9071  (0s)
   priced B=6 s=0 ber=0.001   0.9067  (0s)
   priced B=6 s=0 ber=0.01    0.9022  (0s)
   priced B=6 s=0 ber=0.1     0.8645  (0s)
   priced B=6 s=0 erasure=0       0.9072  (0s)
   priced B=6 s=0 erasure=0.01    0.9048  (0s)
   priced B=6 s=0 erasure=0.05    0.8940  (0s)
   priced B=6 s=0 erasure=0.1     0.8784  (0s)
   priced B=6 s=0 erasure=0.25    0.8150  (0s)
   priced B=6 s=1 ber=0       0.9066  (0s)
   priced B=6 s=1 ber=1e-05   0.9066  (0s)
   priced B=6 s=1 ber=0.0001  0.9065  (0s)
   priced B=6 s=1 ber=0.001   0.9064  (0s)
   priced B=6 s=1 ber=0.01    0.9021  (0s)
   priced B=6 s=1 ber=0.1     0.8665  (0s)
   priced B=6 s=1 erasure=0       0.9066  (0s)
   priced B=6 s=1 erasure=0.01    0.9038  (0s)
   priced B=6 s=1 erasure=0.05    0.8922  (0s)
   priced B=6 s=1 erasure=0.1     0.8735  (0s)
   priced B=6 s=1 erasure=0.25    0.8033  (0s)
   priced B=6 s=2 ber=0       0.9077  (0s)
   priced B=6 s=2 ber=1e-05   0.9077  (0s)
   priced B=6 s=2 ber=0.0001  0.9077  (0s)
   priced B=6 s=2 ber=0.001   0.9072  (0s)
   priced B=6 s=2 ber=0.01    0.9030  (0s)
   priced B=6 s=2 ber=0.1     0.8655  (0s)
   priced B=6 s=2 erasure=0       0.9077  (0s)
   priced B=6 s=2 erasure=0.01    0.9053  (0s)
   priced B=6 s=2 erasure=0.05    0.8937  (0s)
   priced B=6 s=2 erasure=0.1     0.8750  (0s)
   priced B=6 s=2 erasure=0.25    0.8036  (0s)
wrote /home/ubuntu/Projects/THESIS/completed/usama-phd/paper07-tccn-learning-what-to-say/code/results/noisy_channel.json (198 rows)
[2026-08-30T02:51:47+05:00] noisy ok
wrote 827 macros to /home/ubuntu/Projects/THESIS/completed/usama-phd/paper07-tccn-learning-what-to-say/paper/numbers.tex
[2026-08-30T02:51:49+05:00] tier E done
