[2026-08-30T00:14:00+05:00] waiting for Tier B to finish
[2026-08-30T02:11:03+05:00] Tier B clear
[2026-08-30T02:11:05+05:00] === generalisation ===
normaliser drift with N:
  N= 4  direct -9.293  recv -10.153  edge -10.691
  N= 8  direct -9.306  recv -9.422  edge -10.920
  N=12  direct -9.271  recv -9.067  edge -10.991
  N=16  direct -9.297  recv -8.795  edge -11.023
  N=20  direct -9.297  recv -8.588  edge -11.048
  N=32  direct -9.282  recv -8.207  edge -11.073

zero-shot transfer:
  pool N=4 ready in 36s
  pool N=8 ready in 35s
  pool N=12 ready in 34s
  pool N=16 ready in 34s
  pool N=20 ready in 34s
  pool N=32 ready in 50s
  trained B=0 seed=0 in 66s
    B=0 s=0 N= 4 frozen: 0.8925
    B=0 s=0 N= 4  refit: 0.8387
    B=0 s=0 N= 8 frozen: 0.8468
    B=0 s=0 N= 8  refit: 0.8469
    B=0 s=0 N=12 frozen: 0.8362
    B=0 s=0 N=12  refit: 0.8234
    B=0 s=0 N=16 frozen: 0.8171
    B=0 s=0 N=16  refit: 0.7808
    B=0 s=0 N=20 frozen: 0.8041
    B=0 s=0 N=20  refit: 0.7342
    B=0 s=0 N=32 frozen: 0.7666
    B=0 s=0 N=32  refit: 0.6341
  trained B=0 seed=1 in 68s
    B=0 s=1 N= 4 frozen: 0.8918
    B=0 s=1 N= 4  refit: 0.8387
    B=0 s=1 N= 8 frozen: 0.8470
    B=0 s=1 N= 8  refit: 0.8470
    B=0 s=1 N=12 frozen: 0.8358
    B=0 s=1 N=12  refit: 0.8231
    B=0 s=1 N=16 frozen: 0.8172
    B=0 s=1 N=16  refit: 0.7801
    B=0 s=1 N=20 frozen: 0.8060
    B=0 s=1 N=20  refit: 0.7331
    B=0 s=1 N=32 frozen: 0.7696
    B=0 s=1 N=32  refit: 0.6328
  trained B=0 seed=2 in 68s
    B=0 s=2 N= 4 frozen: 0.8923
    B=0 s=2 N= 4  refit: 0.8416
    B=0 s=2 N= 8 frozen: 0.8467
    B=0 s=2 N= 8  refit: 0.8465
    B=0 s=2 N=12 frozen: 0.8356
    B=0 s=2 N=12  refit: 0.8219
    B=0 s=2 N=16 frozen: 0.8170
    B=0 s=2 N=16  refit: 0.7777
    B=0 s=2 N=20 frozen: 0.8042
    B=0 s=2 N=20  refit: 0.7305
    B=0 s=2 N=32 frozen: 0.7659
    B=0 s=2 N=32  refit: 0.6301
  trained B=2 seed=0 in 87s
    B=2 s=0 N= 4 frozen: 0.9060
    B=2 s=0 N= 4  refit: 0.9417
    B=2 s=0 N= 8 frozen: 0.9114
    B=2 s=0 N= 8  refit: 0.9106
    B=2 s=0 N=12 frozen: 0.8931
    B=2 s=0 N=12  refit: 0.8804
    B=2 s=0 N=16 frozen: 0.8645
    B=2 s=0 N=16  refit: 0.8427
    B=2 s=0 N=20 frozen: 0.8449
    B=2 s=0 N=20  refit: 0.8071
    B=2 s=0 N=32 frozen: 0.7810
    B=2 s=0 N=32  refit: 0.7122
  trained B=2 seed=1 in 88s
    B=2 s=1 N= 4 frozen: 0.8971
    B=2 s=1 N= 4  refit: 0.9315
    B=2 s=1 N= 8 frozen: 0.8991
    B=2 s=1 N= 8  refit: 0.8984
    B=2 s=1 N=12 frozen: 0.8823
    B=2 s=1 N=12  refit: 0.8703
    B=2 s=1 N=16 frozen: 0.8551
    B=2 s=1 N=16  refit: 0.8333
    B=2 s=1 N=20 frozen: 0.8361
    B=2 s=1 N=20  refit: 0.7960
    B=2 s=1 N=32 frozen: 0.7766
    B=2 s=1 N=32  refit: 0.7012
  trained B=2 seed=2 in 89s
    B=2 s=2 N= 4 frozen: 0.9086
    B=2 s=2 N= 4  refit: 0.9437
    B=2 s=2 N= 8 frozen: 0.9229
    B=2 s=2 N= 8  refit: 0.9221
    B=2 s=2 N=12 frozen: 0.9047
    B=2 s=2 N=12  refit: 0.8991
    B=2 s=2 N=16 frozen: 0.8742
    B=2 s=2 N=16  refit: 0.8635
    B=2 s=2 N=20 frozen: 0.8530
    B=2 s=2 N=20  refit: 0.8353
    B=2 s=2 N=32 frozen: 0.7699
    B=2 s=2 N=32  refit: 0.7455
  trained B=4 seed=0 in 90s
    B=4 s=0 N= 4 frozen: 0.9004
    B=4 s=0 N= 4  refit: 0.9439
    B=4 s=0 N= 8 frozen: 0.9098
    B=4 s=0 N= 8  refit: 0.9093
    B=4 s=0 N=12 frozen: 0.8926
    B=4 s=0 N=12  refit: 0.8806
    B=4 s=0 N=16 frozen: 0.8660
    B=4 s=0 N=16  refit: 0.8443
    B=4 s=0 N=20 frozen: 0.8508
    B=4 s=0 N=20  refit: 0.8111
    B=4 s=0 N=32 frozen: 0.7891
    B=4 s=0 N=32  refit: 0.7163
  trained B=4 seed=1 in 93s
    B=4 s=1 N= 4 frozen: 0.8868
    B=4 s=1 N= 4  refit: 0.9399
    B=4 s=1 N= 8 frozen: 0.9094
    B=4 s=1 N= 8  refit: 0.9088
    B=4 s=1 N=12 frozen: 0.8928
    B=4 s=1 N=12  refit: 0.8813
    B=4 s=1 N=16 frozen: 0.8659
    B=4 s=1 N=16  refit: 0.8462
    B=4 s=1 N=20 frozen: 0.8487
    B=4 s=1 N=20  refit: 0.8156
    B=4 s=1 N=32 frozen: 0.7867
    B=4 s=1 N=32  refit: 0.7241
  trained B=4 seed=2 in 91s
    B=4 s=2 N= 4 frozen: 0.9050
    B=4 s=2 N= 4  refit: 0.9523
    B=4 s=2 N= 8 frozen: 0.9245
    B=4 s=2 N= 8  refit: 0.9237
    B=4 s=2 N=12 frozen: 0.9070
    B=4 s=2 N=12  refit: 0.8970
    B=4 s=2 N=16 frozen: 0.8765
    B=4 s=2 N=16  refit: 0.8630
    B=4 s=2 N=20 frozen: 0.8614
    B=4 s=2 N=20  refit: 0.8362
    B=4 s=2 N=32 frozen: 0.7934
    B=4 s=2 N=32  refit: 0.7474
  trained B=6 seed=0 in 94s
    B=6 s=0 N= 4 frozen: 0.9101
    B=6 s=0 N= 4  refit: 0.9515
    B=6 s=0 N= 8 frozen: 0.9277
    B=6 s=0 N= 8  refit: 0.9273
    B=6 s=0 N=12 frozen: 0.9101
    B=6 s=0 N=12  refit: 0.9005
    B=6 s=0 N=16 frozen: 0.8786
    B=6 s=0 N=16  refit: 0.8674
    B=6 s=0 N=20 frozen: 0.8593
    B=6 s=0 N=20  refit: 0.8404
    B=6 s=0 N=32 frozen: 0.7886
    B=6 s=0 N=32  refit: 0.7535
  trained B=6 seed=1 in 96s
    B=6 s=1 N= 4 frozen: 0.9040
    B=6 s=1 N= 4  refit: 0.9517
    B=6 s=1 N= 8 frozen: 0.9347
    B=6 s=1 N= 8  refit: 0.9342
    B=6 s=1 N=12 frozen: 0.9113
    B=6 s=1 N=12  refit: 0.9116
    B=6 s=1 N=16 frozen: 0.8740
    B=6 s=1 N=16  refit: 0.8790
    B=6 s=1 N=20 frozen: 0.8487
    B=6 s=1 N=20  refit: 0.8564
    B=6 s=1 N=32 frozen: 0.7547
    B=6 s=1 N=32  refit: 0.7721
  trained B=6 seed=2 in 96s
    B=6 s=2 N= 4 frozen: 0.9143
    B=6 s=2 N= 4  refit: 0.9521
    B=6 s=2 N= 8 frozen: 0.9371
    B=6 s=2 N= 8  refit: 0.9367
    B=6 s=2 N=12 frozen: 0.9141
    B=6 s=2 N=12  refit: 0.9146
    B=6 s=2 N=16 frozen: 0.8761
    B=6 s=2 N=16  refit: 0.8824
    B=6 s=2 N=20 frozen: 0.8457
    B=6 s=2 N=20  refit: 0.8582
    B=6 s=2 N=32 frozen: 0.7459
    B=6 s=2 N=32  refit: 0.7746

wrote /home/ubuntu/Projects/THESIS/completed/usama-phd/paper07-tccn-learning-what-to-say/code/results/transfer.json (144 rows)
[2026-08-30T02:33:20+05:00] generalisation ok
[2026-08-30T02:33:23+05:00] === noisy_channel ===
  learned B=2 s=0 ber=0       0.9136  (0s)
  learned B=2 s=0 ber=1e-05   0.9136  (0s)
  learned B=2 s=0 ber=0.0001  0.9136  (0s)
  learned B=2 s=0 ber=0.001   0.9133  (0s)
  learned B=2 s=0 ber=0.01    0.9093  (0s)
  learned B=2 s=0 ber=0.1     0.8736  (0s)
  learned B=2 s=0 erasure=0       0.9136  (0s)
  learned B=2 s=0 erasure=0.01    0.9128  (0s)
  learned B=2 s=0 erasure=0.05    0.9087  (0s)
  learned B=2 s=0 erasure=0.1     0.9032  (0s)
  learned B=2 s=0 erasure=0.25    0.8830  (0s)
  learned B=2 s=1 ber=0       0.9020  (0s)
  learned B=2 s=1 ber=1e-05   0.9020  (0s)
  learned B=2 s=1 ber=0.0001  0.9020  (0s)
  learned B=2 s=1 ber=0.001   0.9019  (0s)
  learned B=2 s=1 ber=0.01    0.9004  (0s)
  learned B=2 s=1 ber=0.1     0.8857  (0s)
  learned B=2 s=1 erasure=0       0.9020  (0s)
  learned B=2 s=1 erasure=0.01    0.9014  (0s)
  learned B=2 s=1 erasure=0.05    0.8985  (0s)
  learned B=2 s=1 erasure=0.1     0.8943  (0s)
  learned B=2 s=1 erasure=0.25    0.8770  (0s)
  learned B=2 s=2 ber=0       0.9262  (0s)
  learned B=2 s=2 ber=1e-05   0.9262  (0s)
  learned B=2 s=2 ber=0.0001  0.9262  (0s)
  learned B=2 s=2 ber=0.001   0.9258  (0s)
  learned B=2 s=2 ber=0.01    0.9220  (0s)
  learned B=2 s=2 ber=0.1     0.8816  (0s)
  learned B=2 s=2 erasure=0       0.9262  (0s)
  learned B=2 s=2 erasure=0.01    0.9252  (0s)
  learned B=2 s=2 erasure=0.05    0.9208  (0s)
  learned B=2 s=2 erasure=0.1     0.9142  (0s)
  learned B=2 s=2 erasure=0.25    0.8914  (0s)
  learned B=4 s=0 ber=0       0.9118  (0s)
  learned B=4 s=0 ber=1e-05   0.9118  (0s)
  learned B=4 s=0 ber=0.0001  0.9117  (0s)
  learned B=4 s=0 ber=0.001   0.9111  (0s)
  learned B=4 s=0 ber=0.01    0.9061  (0s)
  learned B=4 s=0 ber=0.1     0.8693  (0s)
  learned B=4 s=0 erasure=0       0.9118  (0s)
  learned B=4 s=0 erasure=0.01    0.9111  (0s)
  learned B=4 s=0 erasure=0.05    0.9074  (0s)
  learned B=4 s=0 erasure=0.1     0.9020  (0s)
  learned B=4 s=0 erasure=0.25    0.8813  (0s)
  learned B=4 s=1 ber=0       0.9114  (0s)
  learned B=4 s=1 ber=1e-05   0.9114  (0s)
  learned B=4 s=1 ber=0.0001  0.9114  (0s)
  learned B=4 s=1 ber=0.001   0.9111  (0s)
  learned B=4 s=1 ber=0.01    0.9083  (0s)
  learned B=4 s=1 ber=0.1     0.8819  (0s)
  learned B=4 s=1 erasure=0       0.9114  (0s)
  learned B=4 s=1 erasure=0.01    0.9107  (0s)
  learned B=4 s=1 erasure=0.05    0.9072  (0s)
  learned B=4 s=1 erasure=0.1     0.9019  (0s)
  learned B=4 s=1 erasure=0.25    0.8819  (0s)
  learned B=4 s=2 ber=0       0.9268  (0s)
  learned B=4 s=2 ber=1e-05   0.9268  (0s)
  learned B=4 s=2 ber=0.0001  0.9267  (0s)
  learned B=4 s=2 ber=0.001   0.9259  (0s)
  learned B=4 s=2 ber=0.01    0.9191  (0s)
  learned B=4 s=2 ber=0.1     0.8653  (0s)
  learned B=4 s=2 erasure=0       0.9268  (0s)
  learned B=4 s=2 erasure=0.01    0.9256  (0s)
  learned B=4 s=2 erasure=0.05    0.9207  (0s)
  learned B=4 s=2 erasure=0.1     0.9133  (0s)
  learned B=4 s=2 erasure=0.25    0.8876  (0s)
  learned B=6 s=0 ber=0       0.9287  (0s)
  learned B=6 s=0 ber=1e-05   0.9287  (0s)
  learned B=6 s=0 ber=0.0001  0.9286  (0s)
  learned B=6 s=0 ber=0.001   0.9279  (0s)
  learned B=6 s=0 ber=0.01    0.9222  (0s)
  learned B=6 s=0 ber=0.1     0.8769  (0s)
  learned B=6 s=0 erasure=0       0.9287  (0s)
  learned B=6 s=0 erasure=0.01    0.9277  (0s)
  learned B=6 s=0 erasure=0.05    0.9224  (0s)
  learned B=6 s=0 erasure=0.1     0.9150  (0s)
  learned B=6 s=0 erasure=0.25    0.8889  (0s)
  learned B=6 s=1 ber=0       0.9373  (0s)
  learned B=6 s=1 ber=1e-05   0.9373  (0s)
  learned B=6 s=1 ber=0.0001  0.9372  (0s)
  learned B=6 s=1 ber=0.001   0.9369  (0s)
  learned B=6 s=1 ber=0.01    0.9311  (0s)
  learned B=6 s=1 ber=0.1     0.8786  (0s)
  learned B=6 s=1 erasure=0       0.9373  (0s)
  learned B=6 s=1 erasure=0.01    0.9358  (0s)
  learned B=6 s=1 erasure=0.05    0.9302  (0s)
  learned B=6 s=1 erasure=0.1     0.9218  (0s)
  learned B=6 s=1 erasure=0.25    0.8920  (0s)
  learned B=6 s=2 ber=0       0.9397  (0s)
  learned B=6 s=2 ber=1e-05   0.9397  (0s)
  learned B=6 s=2 ber=0.0001  0.9396  (0s)
  learned B=6 s=2 ber=0.001   0.9390  (0s)
  learned B=6 s=2 ber=0.01    0.9322  (0s)
  learned B=6 s=2 ber=0.1     0.8766  (0s)
  learned B=6 s=2 erasure=0       0.9397  (0s)
  learned B=6 s=2 erasure=0.01    0.9384  (0s)
  learned B=6 s=2 erasure=0.05    0.9327  (0s)
  learned B=6 s=2 erasure=0.1     0.9239  (0s)
  learned B=6 s=2 erasure=0.25    0.8957  (0s)
   priced B=2 s=0 ber=0       0.8840  (0s)
   priced B=2 s=0 ber=1e-05   0.8840  (0s)
   priced B=2 s=0 ber=0.0001  0.8840  (0s)
   priced B=2 s=0 ber=0.001   0.8840  (0s)
   priced B=2 s=0 ber=0.01    0.8840  (0s)
   priced B=2 s=0 ber=0.1     0.8840  (0s)
   priced B=2 s=0 erasure=0       0.8840  (0s)
   priced B=2 s=0 erasure=0.01    0.8840  (0s)
   priced B=2 s=0 erasure=0.05    0.8840  (0s)
   priced B=2 s=0 erasure=0.1     0.8840  (0s)
   priced B=2 s=0 erasure=0.25    0.8840  (0s)
   priced B=2 s=1 ber=0       0.8853  (0s)
   priced B=2 s=1 ber=1e-05   0.8853  (0s)
   priced B=2 s=1 ber=0.0001  0.8853  (0s)
   priced B=2 s=1 ber=0.001   0.8853  (0s)
   priced B=2 s=1 ber=0.01    0.8853  (0s)
   priced B=2 s=1 ber=0.1     0.8853  (0s)
   priced B=2 s=1 erasure=0       0.8853  (0s)
   priced B=2 s=1 erasure=0.01    0.8853  (0s)
   priced B=2 s=1 erasure=0.05    0.8853  (0s)
   priced B=2 s=1 erasure=0.1     0.8853  (0s)
   priced B=2 s=1 erasure=0.25    0.8853  (0s)
   priced B=2 s=2 ber=0       0.8845  (0s)
   priced B=2 s=2 ber=1e-05   0.8845  (0s)
   priced B=2 s=2 ber=0.0001  0.8845  (0s)
   priced B=2 s=2 ber=0.001   0.8845  (0s)
   priced B=2 s=2 ber=0.01    0.8845  (0s)
   priced B=2 s=2 ber=0.1     0.8845  (0s)
   priced B=2 s=2 erasure=0       0.8845  (0s)
   priced B=2 s=2 erasure=0.01    0.8845  (0s)
   priced B=2 s=2 erasure=0.05    0.8845  (0s)
   priced B=2 s=2 erasure=0.1     0.8845  (0s)
   priced B=2 s=2 erasure=0.25    0.8845  (0s)
   priced B=4 s=0 ber=0       0.9000  (0s)
   priced B=4 s=0 ber=1e-05   0.9000  (0s)
   priced B=4 s=0 ber=0.0001  0.9000  (0s)
   priced B=4 s=0 ber=0.001   0.9000  (0s)
   priced B=4 s=0 ber=0.01    0.9000  (0s)
   priced B=4 s=0 ber=0.1     0.9000  (0s)
   priced B=4 s=0 erasure=0       0.9000  (0s)
   priced B=4 s=0 erasure=0.01    0.9000  (0s)
   priced B=4 s=0 erasure=0.05    0.9000  (0s)
   priced B=4 s=0 erasure=0.1     0.9000  (0s)
   priced B=4 s=0 erasure=0.25    0.9000  (0s)
   priced B=4 s=1 ber=0       0.9002  (0s)
   priced B=4 s=1 ber=1e-05   0.9002  (0s)
   priced B=4 s=1 ber=0.0001  0.9002  (0s)
   priced B=4 s=1 ber=0.001   0.9002  (0s)
   priced B=4 s=1 ber=0.01    0.9002  (0s)
   priced B=4 s=1 ber=0.1     0.9002  (0s)
   priced B=4 s=1 erasure=0       0.9002  (0s)
   priced B=4 s=1 erasure=0.01    0.9002  (0s)
   priced B=4 s=1 erasure=0.05    0.9002  (0s)
   priced B=4 s=1 erasure=0.1     0.9002  (0s)
   priced B=4 s=1 erasure=0.25    0.9002  (0s)
   priced B=4 s=2 ber=0       0.9014  (0s)
   priced B=4 s=2 ber=1e-05   0.9014  (0s)
   priced B=4 s=2 ber=0.0001  0.9014  (0s)
   priced B=4 s=2 ber=0.001   0.9014  (0s)
   priced B=4 s=2 ber=0.01    0.9014  (0s)
   priced B=4 s=2 ber=0.1     0.9014  (0s)
   priced B=4 s=2 erasure=0       0.9014  (0s)
   priced B=4 s=2 erasure=0.01    0.9014  (0s)
   priced B=4 s=2 erasure=0.05    0.9014  (0s)
   priced B=4 s=2 erasure=0.1     0.9014  (0s)
   priced B=4 s=2 erasure=0.25    0.9014  (0s)
   priced B=6 s=0 ber=0       0.9072  (0s)
   priced B=6 s=0 ber=1e-05   0.9072  (0s)
   priced B=6 s=0 ber=0.0001  0.9072  (0s)
   priced B=6 s=0 ber=0.001   0.9072  (0s)
   priced B=6 s=0 ber=0.01    0.9072  (0s)
   priced B=6 s=0 ber=0.1     0.9072  (0s)
   priced B=6 s=0 erasure=0       0.9072  (0s)
   priced B=6 s=0 erasure=0.01    0.9072  (0s)
   priced B=6 s=0 erasure=0.05    0.9072  (0s)
   priced B=6 s=0 erasure=0.1     0.9072  (0s)
   priced B=6 s=0 erasure=0.25    0.9072  (0s)
   priced B=6 s=1 ber=0       0.9066  (0s)
   priced B=6 s=1 ber=1e-05   0.9066  (0s)
   priced B=6 s=1 ber=0.0001  0.9066  (0s)
   priced B=6 s=1 ber=0.001   0.9066  (0s)
   priced B=6 s=1 ber=0.01    0.9066  (0s)
   priced B=6 s=1 ber=0.1     0.9066  (0s)
   priced B=6 s=1 erasure=0       0.9066  (0s)
   priced B=6 s=1 erasure=0.01    0.9066  (0s)
   priced B=6 s=1 erasure=0.05    0.9066  (0s)
   priced B=6 s=1 erasure=0.1     0.9066  (0s)
   priced B=6 s=1 erasure=0.25    0.9066  (0s)
   priced B=6 s=2 ber=0       0.9077  (0s)
   priced B=6 s=2 ber=1e-05   0.9077  (0s)
   priced B=6 s=2 ber=0.0001  0.9077  (0s)
   priced B=6 s=2 ber=0.001   0.9077  (0s)
   priced B=6 s=2 ber=0.01    0.9077  (0s)
   priced B=6 s=2 ber=0.1     0.9077  (0s)
   priced B=6 s=2 erasure=0       0.9077  (0s)
   priced B=6 s=2 erasure=0.01    0.9077  (0s)
   priced B=6 s=2 erasure=0.05    0.9077  (0s)
   priced B=6 s=2 erasure=0.1     0.9077  (0s)
   priced B=6 s=2 erasure=0.25    0.9077  (0s)
wrote /home/ubuntu/Projects/THESIS/completed/usama-phd/paper07-tccn-learning-what-to-say/code/results/noisy_channel.json (198 rows)
[2026-08-30T02:46:13+05:00] noisy_channel ok
[2026-08-30T02:46:14+05:00] === robustness ===
  csi B=0 s=0 sigma=0dB  sensing: 0.8512  (0s)
  csi B=0 s=0 sigma=1dB  sensing: 0.8484  (0s)
  csi B=0 s=0 sigma=1dB shuffled: 0.8497  (0s)
  csi B=0 s=0 sigma=2dB  sensing: 0.8424  (0s)
  csi B=0 s=0 sigma=2dB shuffled: 0.8444  (0s)
  csi B=0 s=0 sigma=3dB  sensing: 0.8338  (0s)
  csi B=0 s=0 sigma=3dB shuffled: 0.8333  (0s)
  csi B=0 s=0 sigma=6dB  sensing: 0.7894  (0s)
  csi B=0 s=0 sigma=6dB shuffled: 0.7877  (0s)
  csi B=0 s=1 sigma=0dB  sensing: 0.8517  (0s)
  csi B=0 s=1 sigma=1dB  sensing: 0.8497  (0s)
  csi B=0 s=1 sigma=1dB shuffled: 0.8487  (0s)
  csi B=0 s=1 sigma=2dB  sensing: 0.8433  (0s)
  csi B=0 s=1 sigma=2dB shuffled: 0.8433  (0s)
  csi B=0 s=1 sigma=3dB  sensing: 0.8352  (0s)
  csi B=0 s=1 sigma=3dB shuffled: 0.8328  (0s)
  csi B=0 s=1 sigma=6dB  sensing: 0.7927  (0s)
  csi B=0 s=1 sigma=6dB shuffled: 0.7881  (0s)
  csi B=0 s=2 sigma=0dB  sensing: 0.8514  (0s)
  csi B=0 s=2 sigma=1dB  sensing: 0.8484  (0s)
  csi B=0 s=2 sigma=1dB shuffled: 0.8494  (0s)
  csi B=0 s=2 sigma=2dB  sensing: 0.8410  (0s)
  csi B=0 s=2 sigma=2dB shuffled: 0.8446  (0s)
  csi B=0 s=2 sigma=3dB  sensing: 0.8321  (0s)
  csi B=0 s=2 sigma=3dB shuffled: 0.8350  (0s)
  csi B=0 s=2 sigma=6dB  sensing: 0.7895  (0s)
  csi B=0 s=2 sigma=6dB shuffled: 0.7916  (0s)
  csi B=2 s=0 sigma=0dB  sensing: 0.9136  (0s)
  csi B=2 s=0 sigma=1dB  sensing: 0.9107  (0s)
  csi B=2 s=0 sigma=1dB shuffled: 0.9120  (0s)
  csi B=2 s=0 sigma=2dB  sensing: 0.9032  (0s)
  csi B=2 s=0 sigma=2dB shuffled: 0.9046  (0s)
  csi B=2 s=0 sigma=3dB  sensing: 0.8911  (0s)
  csi B=2 s=0 sigma=3dB shuffled: 0.8933  (0s)
  csi B=2 s=0 sigma=6dB  sensing: 0.8437  (0s)
  csi B=2 s=0 sigma=6dB shuffled: 0.8425  (0s)
  csi B=2 s=1 sigma=0dB  sensing: 0.9020  (0s)
  csi B=2 s=1 sigma=1dB  sensing: 0.9000  (0s)
  csi B=2 s=1 sigma=1dB shuffled: 0.9004  (0s)
  csi B=2 s=1 sigma=2dB  sensing: 0.8925  (0s)
  csi B=2 s=1 sigma=2dB shuffled: 0.8929  (0s)
  csi B=2 s=1 sigma=3dB  sensing: 0.8836  (0s)
  csi B=2 s=1 sigma=3dB shuffled: 0.8818  (0s)
  csi B=2 s=1 sigma=6dB  sensing: 0.8369  (0s)
  csi B=2 s=1 sigma=6dB shuffled: 0.8323  (0s)
  csi B=2 s=2 sigma=0dB  sensing: 0.9262  (0s)
  csi B=2 s=2 sigma=1dB  sensing: 0.9251  (0s)
  csi B=2 s=2 sigma=1dB shuffled: 0.9239  (0s)
  csi B=2 s=2 sigma=2dB  sensing: 0.9176  (0s)
  csi B=2 s=2 sigma=2dB shuffled: 0.9163  (0s)
  csi B=2 s=2 sigma=3dB  sensing: 0.9054  (0s)
  csi B=2 s=2 sigma=3dB shuffled: 0.9049  (0s)
  csi B=2 s=2 sigma=6dB  sensing: 0.8489  (0s)
  csi B=2 s=2 sigma=6dB shuffled: 0.8529  (0s)
  csi B=4 s=0 sigma=0dB  sensing: 0.9118  (0s)
  csi B=4 s=0 sigma=1dB  sensing: 0.9082  (0s)
  csi B=4 s=0 sigma=1dB shuffled: 0.9097  (0s)
  csi B=4 s=0 sigma=2dB  sensing: 0.9002  (0s)
  csi B=4 s=0 sigma=2dB shuffled: 0.9016  (0s)
  csi B=4 s=0 sigma=3dB  sensing: 0.8879  (0s)
  csi B=4 s=0 sigma=3dB shuffled: 0.8900  (0s)
  csi B=4 s=0 sigma=6dB  sensing: 0.8413  (0s)
  csi B=4 s=0 sigma=6dB shuffled: 0.8396  (0s)
  csi B=4 s=1 sigma=0dB  sensing: 0.9114  (0s)
  csi B=4 s=1 sigma=1dB  sensing: 0.9091  (0s)
  csi B=4 s=1 sigma=1dB shuffled: 0.9088  (0s)
  csi B=4 s=1 sigma=2dB  sensing: 0.9015  (0s)
  csi B=4 s=1 sigma=2dB shuffled: 0.9014  (0s)
  csi B=4 s=1 sigma=3dB  sensing: 0.8902  (0s)
  csi B=4 s=1 sigma=3dB shuffled: 0.8904  (0s)
  csi B=4 s=1 sigma=6dB  sensing: 0.8424  (0s)
  csi B=4 s=1 sigma=6dB shuffled: 0.8381  (0s)
  csi B=4 s=2 sigma=0dB  sensing: 0.9268  (0s)
  csi B=4 s=2 sigma=1dB  sensing: 0.9256  (0s)
  csi B=4 s=2 sigma=1dB shuffled: 0.9243  (0s)
  csi B=4 s=2 sigma=2dB  sensing: 0.9175  (0s)
  csi B=4 s=2 sigma=2dB shuffled: 0.9170  (0s)
  csi B=4 s=2 sigma=3dB  sensing: 0.9053  (0s)
  csi B=4 s=2 sigma=3dB shuffled: 0.9050  (0s)
  csi B=4 s=2 sigma=6dB  sensing: 0.8502  (0s)
  csi B=4 s=2 sigma=6dB shuffled: 0.8529  (0s)
  csi B=6 s=0 sigma=0dB  sensing: 0.9287  (0s)
  csi B=6 s=0 sigma=1dB  sensing: 0.9261  (0s)
  csi B=6 s=0 sigma=1dB shuffled: 0.9274  (0s)
  csi B=6 s=0 sigma=2dB  sensing: 0.9164  (0s)
  csi B=6 s=0 sigma=2dB shuffled: 0.9190  (0s)
  csi B=6 s=0 sigma=3dB  sensing: 0.9036  (0s)
  csi B=6 s=0 sigma=3dB shuffled: 0.9059  (0s)
  csi B=6 s=0 sigma=6dB  sensing: 0.8541  (0s)
  csi B=6 s=0 sigma=6dB shuffled: 0.8484  (0s)
  csi B=6 s=1 sigma=0dB  sensing: 0.9373  (0s)
  csi B=6 s=1 sigma=1dB  sensing: 0.9353  (0s)
  csi B=6 s=1 sigma=1dB shuffled: 0.9362  (0s)
  csi B=6 s=1 sigma=2dB  sensing: 0.9283  (0s)
  csi B=6 s=1 sigma=2dB shuffled: 0.9277  (0s)
  csi B=6 s=1 sigma=3dB  sensing: 0.9162  (0s)
  csi B=6 s=1 sigma=3dB shuffled: 0.9150  (0s)
  csi B=6 s=1 sigma=6dB  sensing: 0.8597  (0s)
  csi B=6 s=1 sigma=6dB shuffled: 0.8584  (0s)
  csi B=6 s=2 sigma=0dB  sensing: 0.9397  (0s)
  csi B=6 s=2 sigma=1dB  sensing: 0.9380  (0s)
  csi B=6 s=2 sigma=1dB shuffled: 0.9361  (0s)
  csi B=6 s=2 sigma=2dB  sensing: 0.9292  (0s)
  csi B=6 s=2 sigma=2dB shuffled: 0.9281  (0s)
  csi B=6 s=2 sigma=3dB  sensing: 0.9155  (0s)
  csi B=6 s=2 sigma=3dB shuffled: 0.9158  (0s)
  csi B=6 s=2 sigma=6dB  sensing: 0.8565  (0s)
  csi B=6 s=2 sigma=6dB shuffled: 0.8594  (0s)
  21-lambda pool ready in 74s
  lam21 B=0 s=0: all 0.8512 reported 0.8512 unseen 0.8512
  lam21 B=0 s=1: all 0.8518 reported 0.8518 unseen 0.8518
  lam21 B=0 s=2: all 0.8515 reported 0.8514 unseen 0.8515
  lam21 B=2 s=0: all 0.9144 reported 0.9137 unseen 0.9146
  lam21 B=2 s=1: all 0.9022 reported 0.9021 unseen 0.9023
  lam21 B=2 s=2: all 0.9269 reported 0.9263 unseen 0.9271
  lam21 B=4 s=0: all 0.9122 reported 0.9118 unseen 0.9123
  lam21 B=4 s=1: all 0.9116 reported 0.9114 unseen 0.9117
  lam21 B=4 s=2: all 0.9277 reported 0.9268 unseen 0.9280
  lam21 B=6 s=0: all 0.9295 reported 0.9287 unseen 0.9298
  lam21 B=6 s=1: all 0.9382 reported 0.9373 unseen 0.9385
  lam21 B=6 s=2: all 0.9407 reported 0.9398 unseen 0.9410
wrote csi_error.json and lambda_grid.json
[2026-08-30T02:47:42+05:00] robustness ok
[2026-08-30T02:47:42+05:00] regenerating B* and paper macros
wrote 827 macros to /home/ubuntu/Projects/THESIS/completed/usama-phd/paper07-tccn-learning-what-to-say/paper/numbers.tex
[2026-08-30T02:47:43+05:00] tier C done
