[2026-08-30T00:05:27+05:00] === filling N=8 ===
N=8 on cuda, 4 threads, pools 8192/2048
  24 rows on disk, 6 to run: [('learned', 5, 0), ('learned', 5, 1), ('learned', 5, 2), ('learned', 7, 0), ('learned', 7, 1), ('learned', 7, 2)]
  pools ready in 87s
  learned B=5 seed 0: 0.9450  (251s)
  learned B=5 seed 1: 0.9412  (439s)
  learned B=5 seed 2: 0.9462  (551s)
  learned B=7 seed 0: 0.9490  (773s)
  learned B=7 seed 1: 0.9502  (993s)
  learned B=7 seed 2: 0.9492  (1213s)
  B=8 learned    : 0.9498 +/- 0.0009
N=8 complete, 30 rows in 20.2 min -> /home/ubuntu/Projects/THESIS/completed/usama-phd/paper07-tccn-learning-what-to-say/code/results/scale_N8.json
[2026-08-30T00:25:44+05:00] N=8 ok
[2026-08-30T00:25:47+05:00] === filling N=16 ===
N=16 on cuda, 4 threads, pools 8192/2048
  24 rows on disk, 6 to run: [('learned', 5, 0), ('learned', 5, 1), ('learned', 5, 2), ('learned', 7, 0), ('learned', 7, 1), ('learned', 7, 2)]
  pools ready in 94s
  learned B=5 seed 0: 0.9165  (581s)
  learned B=5 seed 1: 0.9147  (1074s)
  learned B=5 seed 2: 0.9178  (1568s)
  learned B=7 seed 0: 0.9296  (3422s)
  learned B=7 seed 1: 0.9272  (4549s)
  learned B=7 seed 2: 0.9292  (5623s)
  B=8 learned    : 0.9300 +/- 0.0007
N=16 complete, 30 rows in 93.7 min -> /home/ubuntu/Projects/THESIS/completed/usama-phd/paper07-tccn-learning-what-to-say/code/results/scale_N16.json
[2026-08-30T01:59:35+05:00] N=16 ok
[2026-08-30T01:59:38+05:00] === filling N=4 ===
N=4 on cuda, 4 threads, pools 8192/2048
  24 rows on disk, 6 to run: [('learned', 5, 0), ('learned', 5, 1), ('learned', 5, 2), ('learned', 7, 0), ('learned', 7, 1), ('learned', 7, 2)]
  pools ready in 106s
  learned B=5 seed 0: 0.9631  (195s)
  learned B=5 seed 1: 0.9627  (287s)
  learned B=5 seed 2: 0.9638  (380s)
  learned B=7 seed 0: 0.9644  (471s)
  learned B=7 seed 1: 0.9644  (560s)
  learned B=7 seed 2: 0.9647  (650s)
  B=8 learned    : 0.9626 +/- 0.0016
N=4 complete, 30 rows in 10.8 min -> /home/ubuntu/Projects/THESIS/completed/usama-phd/paper07-tccn-learning-what-to-say/code/results/scale_N4.json
[2026-08-30T02:10:31+05:00] N=4 ok
[2026-08-30T02:10:31+05:00] regenerating B*

B*(eps, N)  --  reference: central
   N  eps=10%   eps=7%   eps=5%   eps=3%
   4        1        2        3       >8 
   8        2        4       >8       >8 
  16        4       >8       >8       >8 

B*(eps, N)  --  reference: window
   N  eps=10%   eps=7%   eps=5%   eps=3%
   4        6       >8       >8       >8 
   8        6        7       >8       >8 
  16        7        8       >8       >8 

wrote /home/ubuntu/Projects/THESIS/completed/usama-phd/paper07-tccn-learning-what-to-say/code/results/bstar.json
[2026-08-30T02:10:31+05:00] tier B done
