[2026-08-30T01:29:43+05:00] waiting for Tier C
[2026-08-30T02:48:43+05:00] === traffic ===
  B=0 s=0 load=0.3: thr 37.46 Mb/s  drop 25.47%  backlog  50.8%  EE 340.5  (0s)
  B=0 s=0 load=0.5: thr 58.04 Mb/s  drop 32.15%  backlog  55.1%  EE 527.5  (0s)
  B=0 s=0 load=0.7: thr 76.62 Mb/s  drop 36.65%  backlog  59.3%  EE 696.4  (0s)
  B=0 s=0 load=0.9: thr 93.36 Mb/s  drop 40.29%  backlog  63.5%  EE 848.6  (0s)
  B=0 s=1 load=0.3: thr 35.59 Mb/s  drop 26.26%  backlog  52.7%  EE 328.1  (0s)
  B=0 s=1 load=0.5: thr 54.88 Mb/s  drop 33.33%  backlog  56.9%  EE 505.9  (0s)
  B=0 s=1 load=0.7: thr 72.27 Mb/s  drop 37.96%  backlog  60.8%  EE 666.2  (0s)
  B=0 s=1 load=0.9: thr 88.07 Mb/s  drop 41.55%  backlog  64.8%  EE 811.9  (0s)
  B=0 s=2 load=0.3: thr 36.49 Mb/s  drop 26.15%  backlog  52.4%  EE 334.8  (0s)
  B=0 s=2 load=0.5: thr 56.17 Mb/s  drop 33.23%  backlog  56.4%  EE 515.4  (0s)
  B=0 s=2 load=0.7: thr 73.97 Mb/s  drop 37.87%  backlog  60.4%  EE 678.7  (0s)
  B=0 s=2 load=0.9: thr 90.13 Mb/s  drop 41.48%  backlog  64.4%  EE 826.9  (0s)
  B=1 s=0 load=0.3: thr 38.61 Mb/s  drop 25.91%  backlog  51.5%  EE 346.3  (0s)
  B=1 s=0 load=0.5: thr 59.67 Mb/s  drop 32.68%  backlog  55.4%  EE 535.1  (0s)
  B=1 s=0 load=0.7: thr 78.77 Mb/s  drop 37.16%  backlog  59.3%  EE 706.3  (0s)
  B=1 s=0 load=0.9: thr 96.15 Mb/s  drop 40.67%  backlog  63.3%  EE 862.1  (0s)
  B=1 s=1 load=0.3: thr 38.12 Mb/s  drop 25.93%  backlog  53.3%  EE 342.4  (0s)
  B=1 s=1 load=0.5: thr 58.39 Mb/s  drop 33.30%  backlog  57.2%  EE 524.4  (0s)
  B=1 s=1 load=0.7: thr 76.69 Mb/s  drop 38.06%  backlog  61.0%  EE 688.8  (0s)
  B=1 s=1 load=0.9: thr 93.35 Mb/s  drop 41.70%  backlog  64.8%  EE 838.4  (0s)
  B=1 s=2 load=0.3: thr 39.35 Mb/s  drop 25.98%  backlog  52.6%  EE 350.0  (0s)
  B=1 s=2 load=0.5: thr 60.42 Mb/s  drop 33.18%  backlog  56.5%  EE 537.5  (0s)
  B=1 s=2 load=0.7: thr 79.44 Mb/s  drop 37.89%  backlog  60.3%  EE 706.7  (0s)
  B=1 s=2 load=0.9: thr 96.77 Mb/s  drop 41.50%  backlog  64.2%  EE 860.9  (0s)
  B=2 s=0 load=0.3: thr 39.77 Mb/s  drop 26.16%  backlog  51.5%  EE 353.6  (0s)
  B=2 s=0 load=0.5: thr 61.43 Mb/s  drop 32.92%  backlog  55.3%  EE 546.2  (0s)
  B=2 s=0 load=0.7: thr 81.16 Mb/s  drop 37.29%  backlog  59.1%  EE 721.6  (0s)
  B=2 s=0 load=0.9: thr 99.13 Mb/s  drop 40.76%  backlog  63.1%  EE 881.4  (0s)
  B=2 s=1 load=0.3: thr 37.17 Mb/s  drop 27.09%  backlog  54.3%  EE 335.1  (0s)
  B=2 s=1 load=0.5: thr 56.97 Mb/s  drop 34.38%  backlog  57.8%  EE 513.5  (0s)
  B=2 s=1 load=0.7: thr 74.92 Mb/s  drop 39.02%  backlog  61.3%  EE 675.3  (0s)
  B=2 s=1 load=0.9: thr 91.30 Mb/s  drop 42.56%  backlog  64.9%  EE 823.0  (0s)
  B=2 s=2 load=0.3: thr 39.89 Mb/s  drop 26.47%  backlog  52.7%  EE 356.1  (0s)
  B=2 s=2 load=0.5: thr 61.25 Mb/s  drop 33.61%  backlog  56.5%  EE 546.9  (0s)
  B=2 s=2 load=0.7: thr 80.59 Mb/s  drop 38.24%  backlog  60.1%  EE 719.5  (0s)
  B=2 s=2 load=0.9: thr 98.30 Mb/s  drop 41.75%  backlog  63.8%  EE 877.6  (0s)
  B=4 s=0 load=0.3: thr 38.43 Mb/s  drop 27.38%  backlog  53.2%  EE 345.7  (0s)
  B=4 s=0 load=0.5: thr 59.24 Mb/s  drop 34.25%  backlog  56.6%  EE 532.8  (0s)
  B=4 s=0 load=0.7: thr 78.23 Mb/s  drop 38.63%  backlog  60.1%  EE 703.6  (0s)
  B=4 s=0 load=0.9: thr 95.61 Mb/s  drop 42.03%  backlog  63.7%  EE 859.9  (0s)
  B=4 s=1 load=0.3: thr 37.26 Mb/s  drop 27.54%  backlog  55.0%  EE 335.8  (0s)
  B=4 s=1 load=0.5: thr 57.02 Mb/s  drop 34.92%  backlog  58.4%  EE 513.8  (0s)
  B=4 s=1 load=0.7: thr 74.97 Mb/s  drop 39.55%  backlog  61.6%  EE 675.6  (0s)
  B=4 s=1 load=0.9: thr 91.39 Mb/s  drop 43.05%  backlog  65.1%  EE 823.6  (0s)
  B=4 s=2 load=0.3: thr 39.65 Mb/s  drop 26.89%  backlog  53.4%  EE 351.6  (0s)
  B=4 s=2 load=0.5: thr 60.81 Mb/s  drop 34.13%  backlog  57.0%  EE 539.2  (0s)
  B=4 s=2 load=0.7: thr 80.02 Mb/s  drop 38.72%  backlog  60.5%  EE 709.6  (0s)
  B=4 s=2 load=0.9: thr 97.60 Mb/s  drop 42.22%  backlog  64.0%  EE 865.4  (0s)
  B=6 s=0 load=0.3: thr 39.41 Mb/s  drop 27.35%  backlog  53.1%  EE 351.2  (0s)
  B=6 s=0 load=0.5: thr 60.71 Mb/s  drop 34.24%  backlog  56.6%  EE 541.0  (0s)
  B=6 s=0 load=0.7: thr 80.14 Mb/s  drop 38.65%  backlog  60.1%  EE 714.1  (0s)
  B=6 s=0 load=0.9: thr 97.93 Mb/s  drop 42.04%  backlog  63.6%  EE 872.6  (0s)
  B=6 s=1 load=0.3: thr 39.18 Mb/s  drop 27.01%  backlog  53.8%  EE 348.5  (0s)
  B=6 s=1 load=0.5: thr 60.02 Mb/s  drop 34.31%  backlog  57.5%  EE 533.9  (0s)
  B=6 s=1 load=0.7: thr 78.88 Mb/s  drop 38.97%  backlog  60.9%  EE 701.6  (0s)
  B=6 s=1 load=0.9: thr 96.09 Mb/s  drop 42.52%  backlog  64.3%  EE 854.7  (0s)
  B=6 s=2 load=0.3: thr 40.39 Mb/s  drop 26.75%  backlog  53.1%  EE 357.7  (0s)
  B=6 s=2 load=0.5: thr 61.89 Mb/s  drop 34.00%  backlog  56.9%  EE 548.0  (0s)
  B=6 s=2 load=0.7: thr 81.37 Mb/s  drop 38.64%  backlog  60.4%  EE 720.5  (0s)
  B=6 s=2 load=0.9: thr 99.23 Mb/s  drop 42.14%  backlog  63.9%  EE 878.7  (0s)
wrote /home/ubuntu/Projects/THESIS/completed/usama-phd/paper07-tccn-learning-what-to-say/code/results/traffic.json (60 rows)
[2026-08-30T02:50:51+05:00] traffic ok
wrote 827 macros to /home/ubuntu/Projects/THESIS/completed/usama-phd/paper07-tccn-learning-what-to-say/paper/numbers.tex
[2026-08-30T02:50:53+05:00] tier D done
